Component: Arm Compiler for Embedded 6.22 Tool: armlink [5ee90200]

==============================================================================

Section Cross References

    adc.o(.ARM.exidx.text.ADC_Init) refers to adc.o(.text.ADC_Init) for [Anonymous Symbol]
    adc.o(.ARM.exidx.text.read_adc) refers to adc.o(.text.read_adc) for [Anonymous Symbol]
    leds.o(.ARM.exidx.text.init_led) refers to leds.o(.text.init_led) for [Anonymous Symbol]
    main.o(.text.fxADCVolt) refers to f2d.o(x$fpl$f2d) for __aeabi_f2d
    main.o(.text.fxADCVolt) refers to dmul.o(x$fpl$dmul) for __aeabi_dmul
    main.o(.text.fxADCVolt) refers to d2f.o(x$fpl$d2f) for __aeabi_d2f
    main.o(.ARM.exidx.text.fxADCVolt) refers to main.o(.text.fxADCVolt) for [Anonymous Symbol]
    main.o(.text.fxADCAmp) refers to f2d.o(x$fpl$f2d) for __aeabi_f2d
    main.o(.text.fxADCAmp) refers to dmul.o(x$fpl$dmul) for __aeabi_dmul
    main.o(.text.fxADCAmp) refers to ddiv.o(x$fpl$ddiv) for __aeabi_ddiv
    main.o(.text.fxADCAmp) refers to d2f.o(x$fpl$d2f) for __aeabi_d2f
    main.o(.ARM.exidx.text.fxADCAmp) refers to main.o(.text.fxADCAmp) for [Anonymous Symbol]
    main.o(.ARM.exidx.text.fxPower) refers to main.o(.text.fxPower) for [Anonymous Symbol]
    main.o(.text.main) refers to pll config stmf3.o(.text.PLL_Config) for PLL_Config
    main.o(.text.main) refers to system_stm32f3xx.o(.text.SystemCoreClockUpdate) for SystemCoreClockUpdate
    main.o(.text.main) refers to systick_delay.o(.text.SysTick_Init) for SysTick_Init
    main.o(.text.main) refers to usart.o(.text.init_usart) for init_usart
    main.o(.text.main) refers to adc.o(.text.ADC_Init) for ADC_Init
    main.o(.text.main) refers to leds.o(.text.init_led) for init_led
    main.o(.text.main) refers to pwm.o(.text.init_pwm) for init_pwm
    main.o(.text.main) refers to adc.o(.text.read_adc) for read_adc
    main.o(.text.main) refers to main.o(.text.fxADCVolt) for fxADCVolt
    main.o(.text.main) refers to main.o(.bss.stPowerBuffer) for stPowerBuffer
    main.o(.text.main) refers to main.o(.text.fxADCAmp) for fxADCAmp
    main.o(.text.main) refers to main.o(.bss.flCurr) for flCurr
    main.o(.text.main) refers to systick_delay.o(.text.delay_nms) for delay_nms
    main.o(.text.main) refers to main.o(.bss.flVolt) for flVolt
    main.o(.text.main) refers to f2d.o(x$fpl$f2d) for __aeabi_f2d
    main.o(.text.main) refers to daddsub_clz.o(x$fpl$dadd) for __aeabi_dadd
    main.o(.text.main) refers to d2f.o(x$fpl$d2f) for __aeabi_d2f
    main.o(.text.main) refers to main.o(.text.fxPower) for fxPower
    main.o(.text.main) refers to main.o(.bss.flPower) for flPower
    main.o(.text.main) refers to main.o(.bss.eSwitch) for eSwitch
    main.o(.text.main) refers to main.o(.data.flVref) for flVref
    main.o(.text.main) refers to main.o(.bss.flPowerPrev) for flPowerPrev
    main.o(.text.main) refers to dcmp.o(x$fpl$fcmp) for __aeabi_dcmpge
    main.o(.text.main) refers to main.o(.bss.flVoltPrev) for flVoltPrev
    main.o(.text.main) refers to main.o(.data.flStep) for flStep
    main.o(.text.main) refers to pwm.o(.text.output_pwm) for output_pwm
    main.o(.text.main) refers to main.o(.rodata.str1.1) for .L.str
    main.o(.text.main) refers to sprintf.o(.text) for sprintf
    main.o(.text.main) refers to usart.o(.text.print_terminal) for print_terminal
    main.o(.text.main) refers to main.o(.bss.flCurrPrev) for flCurrPrev
    main.o(.ARM.exidx.text.main) refers to main.o(.text.main) for [Anonymous Symbol]
    pll config stmf3.o(.ARM.exidx.text.PLL_Config) refers to pll config stmf3.o(.text.PLL_Config) for [Anonymous Symbol]
    usart.o(.text.init_usart) refers to usart.o(.rodata.str1.1) for .L.str
    usart.o(.text.init_usart) refers to usart.o(.text.print_terminal) for print_terminal
    usart.o(.ARM.exidx.text.init_usart) refers to usart.o(.text.init_usart) for [Anonymous Symbol]
    usart.o(.text.print_terminal) refers to strlen.o(.text) for strlen
    usart.o(.text.print_terminal) refers to usart.o(.text.send_usart) for send_usart
    usart.o(.ARM.exidx.text.print_terminal) refers to usart.o(.text.print_terminal) for [Anonymous Symbol]
    usart.o(.ARM.exidx.text.send_usart) refers to usart.o(.text.send_usart) for [Anonymous Symbol]
    systick_delay.o(.text.SysTick_Init) refers to system_stm32f3xx.o(.data.SystemCoreClock) for SystemCoreClock
    systick_delay.o(.text.SysTick_Init) refers to systick_delay.o(.text.SysTick_Config) for SysTick_Config
    systick_delay.o(.text.SysTick_Init) refers to systick_delay.o(.text.__NVIC_SetPriority) for __NVIC_SetPriority
    systick_delay.o(.ARM.exidx.text.SysTick_Init) refers to systick_delay.o(.text.SysTick_Init) for [Anonymous Symbol]
    systick_delay.o(.text.SysTick_Config) refers to systick_delay.o(.text.__NVIC_SetPriority) for __NVIC_SetPriority
    systick_delay.o(.ARM.exidx.text.SysTick_Config) refers to systick_delay.o(.text.SysTick_Config) for [Anonymous Symbol]
[...]
    ../clib/signal.c                         0x00000000   Number         0  defsig_rtmem_outer.o ABSOLUTE
    ../clib/signal.c                         0x00000000   Number         0  defsig_rtmem_formal.o ABSOLUTE
    ../clib/signal.c                         0x00000000   Number         0  defsig_exit.o ABSOLUTE
    ../clib/signal.c                         0x00000000   Number         0  defsig_rtmem_inner.o ABSOLUTE
    ../clib/signal.c                         0x00000000   Number         0  __raise.o ABSOLUTE
    ../clib/signal.c                         0x00000000   Number         0  defsig_general.o ABSOLUTE
    ../clib/signal.c                         0x00000000   Number         0  defsig_abrt_inner.o ABSOLUTE
    ../clib/signal.c                         0x00000000   Number         0  defsig_fpe_inner.o ABSOLUTE
    ../clib/signal.c                         0x00000000   Number         0  defsig_rtred_inner.o ABSOLUTE
    ../clib/signal.c                         0x00000000   Number         0  defsig_stak_inner.o ABSOLUTE
    ../clib/signal.c                         0x00000000   Number         0  defsig_pvfn_inner.o ABSOLUTE
    ../clib/signal.c                         0x00000000   Number         0  defsig_cppl_inner.o ABSOLUTE
    ../clib/signal.c                         0x00000000   Number         0  defsig_segv_inner.o ABSOLUTE
    ../clib/signal.c                         0x00000000   Number         0  defsig_other.o ABSOLUTE
    ../clib/signal.s                         0x00000000   Number         0  defsig.o ABSOLUTE
    ../clib/stdlib.c                         0x00000000   Number         0  exit.o ABSOLUTE
    ../clib/string.c                         0x00000000   Number         0  strlen.o ABSOLUTE
    ../fplib/d2f.s                           0x00000000   Number         0  d2f.o ABSOLUTE
    ../fplib/daddsub.s                       0x00000000   Number         0  daddsub_clz.o ABSOLUTE
    ../fplib/dcmp.s                          0x00000000   Number         0  dcmp.o ABSOLUTE
    ../fplib/dcmpi.s                         0x00000000   Number         0  dcmpi.o ABSOLUTE
    ../fplib/ddiv.s                          0x00000000   Number         0  ddiv.o ABSOLUTE
    ../fplib/deqf.s                          0x00000000   Number         0  deqf.o ABSOLUTE
    ../fplib/dgeqf.s                         0x00000000   Number         0  dgeqf.o ABSOLUTE
    ../fplib/dleqf.s                         0x00000000   Number         0  dleqf.o ABSOLUTE
    ../fplib/dmul.s                          0x00000000   Number         0  dmul.o ABSOLUTE
    ../fplib/dnaninf.s                       0x00000000   Number         0  dnaninf.o ABSOLUTE
    ../fplib/dretinf.s                       0x00000000   Number         0  dretinf.o ABSOLUTE
    ../fplib/f2d.s                           0x00000000   Number         0  f2d.o ABSOLUTE
    ../fplib/fnaninf.s                       0x00000000   Number         0  fnaninf.o ABSOLUTE
    ../fplib/fpinit.s                        0x00000000   Number         0  fpinit.o ABSOLUTE
    ../fplib/fretinf.s                       0x00000000   Number         0  fretinf.o ABSOLUTE
    ../fplib/istatus.s                       0x00000000   Number         0  istatus.o ABSOLUTE
    ../fplib/printf1.s                       0x00000000   Number         0  printf1.o ABSOLUTE
    ../fplib/printf2.s                       0x00000000   Number         0  printf2.o ABSOLUTE
    ../fplib/printf2a.s                      0x00000000   Number         0  printf2a.o ABSOLUTE
    ../fplib/printf2b.s                      0x00000000   Number         0  printf2b.o ABSOLUTE
    ../fplib/usenofp.s                       0x00000000   Number         0  usenofp.o ABSOLUTE
    ../mathlib/fpclassify.c                  0x00000000   Number         0  fpclassify.o ABSOLUTE
    PLL Config STMF3.c                       0x00000000   Number         0  pll config stmf3.o ABSOLUTE
    RTE/Device/STM32F303K8Tx/startup_stm32f303x8.s 0x00000000   Number         0  startup_stm32f303x8.o ABSOLUTE
    adc.c                                    0x00000000   Number         0  adc.o ABSOLUTE
    dc.s                                     0x00000000   Number         0  dc.o ABSOLUTE
    leds.c                                   0x00000000   Number         0  leds.o ABSOLUTE
    main.c                                   0x00000000   Number         0  main.o ABSOLUTE
    pwm.c                                    0x00000000   Number         0  pwm.o ABSOLUTE
    system_stm32f3xx.c                       0x00000000   Number         0  system_stm32f3xx.o ABSOLUTE
    systick_delay.c                          0x00000000   Number         0  systick_delay.o ABSOLUTE
    usart.c                                  0x00000000   Number         0  usart.o ABSOLUTE
    RESET                                    0x08000000   Section      392  startup_stm32f303x8.o(RESET)
    !!!main                                  0x08000188   Section        8  __main.o(!!!main)
    !!!scatter                               0x08000190   Section       92  __scatter.o(!!!scatter)
    !!handler_copy                           0x080001ec   Section       26  __scatter_copy.o(!!handler_copy)
    !!handler_null                           0x08000208   Section        2  __scatter.o(!!handler_null)
    !!handler_zi                             0x0800020c   Section       28  __scatter_zi.o(!!handler_zi)
    .ARM.Collect$$_printf_percent$$00000000  0x08000228   Section        0  _printf_percent.o(.ARM.Collect$$_printf_percent$$00000000)
    .ARM.Collect$$_printf_percent$$00000001  0x08000228   Section        6  _printf_n.o(.ARM.Collect$$_printf_percent$$00000001)
    .ARM.Collect$$_printf_percent$$00000002  0x0800022e   Section        6  _printf_p.o(.ARM.Collect$$_printf_percent$$00000002)
    .ARM.Collect$$_printf_percent$$00000003  0x08000234   Section        6  _printf_f.o(.ARM.Collect$$_printf_percent$$00000003)
    .ARM.Collect$$_printf_percent$$00000004  0x0800023a   Section        6  _printf_e.o(.ARM.Collect$$_printf_percent$$00000004)
    .ARM.Collect$$_printf_percent$$00000005  0x08000240   Section        6  _printf_g.o(.ARM.Collect$$_printf_percent$$00000005)
    .ARM.Collect$$_printf_percent$$00000006  0x08000246   Section        6  _printf_a.o(.ARM.Collect$$_printf_percent$$00000006)
    .ARM.Collect$$_printf_percent$$00000007  0x0800024c   Section       10  _printf_ll.o(.ARM.Collect$$_printf_percent$$00000007)
    .ARM.Collect$$_printf_percent$$00000008  0x08000256   Section        6  _printf_i.o(.ARM.Collect$$_printf_percent$$00000008)
    .ARM.Collect$$_printf_percent$$00000009  0x0800025c   Section        6  _printf_d.o(.ARM.Collect$$_printf_percent$$00000009)
    .ARM.Collect$$_printf_percent$$0000000A  0x08000262   Section        6  _printf_u.o(.ARM.Collect$$_printf_percent$$0000000A)
    .ARM.Collect$$_printf_percent$$0000000B  0x08000268   Section        6  _printf_o.o(.ARM.Collect$$_printf_percent$$0000000B)
    .ARM.Collect$$_printf_percent$$0000000C  0x0800026e   Section        6  _printf_x.o(.ARM.Collect$$_printf_percent$$0000000C)
    .ARM.Collect$$_printf_percent$$0000000D  0x08000274   Section        6  _printf_lli.o(.ARM.Collect$$_printf_percent$$0000000D)
    .ARM.Collect$$_printf_percent$$0000000E  0x0800027a   Section        6  _printf_lld.o(.ARM.Collect$$_printf_percent$$0000000E)
    .ARM.Collect$$_printf_percent$$0000000F  0x08000280   Section        6  _printf_llu.o(.ARM.Collect$$_printf_percent$$0000000F)
    .ARM.Collect$$_printf_percent$$00000010  0x08000286   Section        6  _printf_llo.o(.ARM.Collect$$_printf_percent$$00000010)
    .ARM.Collect$$_printf_percent$$00000011  0x0800028c   Section        6  _printf_llx.o(.ARM.Collect$$_printf_percent$$00000011)
    .ARM.Collect$$_printf_percent$$00000012  0x08000292   Section       10  _printf_l.o(.ARM.Collect$$_printf_percent$$00000012)
    .ARM.Collect$$_printf_percent$$00000013  0x0800029c   Section        6  _printf_c.o(.ARM.Collect$$_printf_percent$$00000013)
    .ARM.Collect$$_printf_percent$$00000014  0x080002a2   Section        6  _printf_s.o(.ARM.Collect$$_printf_percent$$00000014)
    .ARM.Collect$$_printf_percent$$00000015  0x080002a8   Section        6  _printf_lc.o(.ARM.Collect$$_printf_percent$$00000015)
    .ARM.Collect$$_printf_percent$$00000016  0x080002ae   Section        6  _printf_ls.o(.ARM.Collect$$_printf_percent$$00000016)
    .ARM.Collect$$_printf_percent$$00000017  0x080002b4   Section        4  _printf_percent_end.o(.ARM.Collect$$_printf_percent$$00000017)
    .ARM.Collect$$libinit$$00000000          0x080002b8   Section        2  libinit.o(.ARM.Collect$$libinit$$00000000)
    .ARM.Collect$$libinit$$00000001          0x080002ba   Section        4  libinit2.o(.ARM.Collect$$libinit$$00000001)
    .ARM.Collect$$libinit$$00000004          0x080002be   Section        0  libinit2.o(.ARM.Collect$$libinit$$00000004)
    .ARM.Collect$$libinit$$00000006          0x080002be   Section        0  libinit2.o(.ARM.Collect$$libinit$$00000006)
    .ARM.Collect$$libinit$$0000000C          0x080002be   Section        0  libinit2.o(.ARM.Collect$$libinit$$0000000C)
    .ARM.Collect$$libinit$$0000000E          0x080002be   Section        0  libinit2.o(.ARM.Collect$$libinit$$0000000E)
    .ARM.Collect$$libinit$$00000010          0x080002be   Section        0  libinit2.o(.ARM.Collect$$libinit$$00000010)
    .ARM.Collect$$libinit$$00000011          0x080002be   Section        6  libinit2.o(.ARM.Collect$$libinit$$00000011)
    .ARM.Collect$$libinit$$00000013          0x080002c4   Section        0  libinit2.o(.ARM.Collect$$libinit$$00000013)
    .ARM.Collect$$libinit$$00000014          0x080002c4   Section       12  libinit2.o(.ARM.Collect$$libinit$$00000014)
    .ARM.Collect$$libinit$$00000015          0x080002d0   Section        0  libinit2.o(.ARM.Collect$$libinit$$00000015)
    .ARM.Collect$$libinit$$00000017          0x080002d0   Section        0  libinit2.o(.ARM.Collect$$libinit$$00000017)
    .ARM.Collect$$libinit$$00000018          0x080002d0   Section       10  libinit2.o(.ARM.Collect$$libinit$$00000018)
    .ARM.Collect$$libinit$$00000019          0x080002da   Section        0  libinit2.o(.ARM.Collect$$libinit$$00000019)
    .ARM.Collect$$libinit$$0000001B          0x080002da   Section        0  libinit2.o(.ARM.Collect$$libinit$$0000001B)
    .ARM.Collect$$libinit$$0000001D          0x080002da   Section        0  libinit2.o(.ARM.Collect$$libinit$$0000001D)
    .ARM.Collect$$libinit$$0000001F          0x080002da   Section        0  libinit2.o(.ARM.Collect$$libinit$$0000001F)
    .ARM.Collect$$libinit$$00000021          0x080002da   Section        0  libinit2.o(.ARM.Collect$$libinit$$00000021)
    .ARM.Collect$$libinit$$00000023          0x080002da   Section        0  libinit2.o(.ARM.Collect$$libinit$$00000023)
    .ARM.Collect$$libinit$$00000025          0x080002da   Section        0  libinit2.o(.ARM.Collect$$libinit$$00000025)
    .ARM.Collect$$libinit$$00000027          0x080002da   Section        0  libinit2.o(.ARM.Collect$$libinit$$00000027)
    .ARM.Collect$$libinit$$0000002E          0x080002da   Section        0  libinit2.o(.ARM.Collect$$libinit$$0000002E)
    .ARM.Collect$$libinit$$00000030          0x080002da   Section        0  libinit2.o(.ARM.Collect$$libinit$$00000030)
    .ARM.Collect$$libinit$$00000032          0x080002da   Section        0  libinit2.o(.ARM.Collect$$libinit$$00000032)
    .ARM.Collect$$libinit$$00000034          0x080002da   Section        0  libinit2.o(.ARM.Collect$$libinit$$00000034)
    .ARM.Collect$$libinit$$00000035          0x080002da   Section        2  libinit2.o(.ARM.Collect$$libinit$$00000035)
    .ARM.Collect$$libshutdown$$00000000      0x080002dc   Section        2  libshutdown.o(.ARM.Collect$$libshutdown$$00000000)
    .ARM.Collect$$libshutdown$$00000002      0x080002de   Section        0  libshutdown2.o(.ARM.Collect$$libshutdown$$00000002)
    .ARM.Collect$$libshutdown$$00000004      0x080002de   Section        0  libshutdown2.o(.ARM.Collect$$libshutdown$$00000004)
    .ARM.Collect$$libshutdown$$00000007      0x080002de   Section        0  libshutdown2.o(.ARM.Collect$$libshutdown$$00000007)
    .ARM.Collect$$libshutdown$$0000000A      0x080002de   Section        0  libshutdown2.o(.ARM.Collect$$libshutdown$$0000000A)
    .ARM.Collect$$libshutdown$$0000000C      0x080002de   Section        0  libshutdown2.o(.ARM.Collect$$libshutdown$$0000000C)
    .ARM.Collect$$libshutdown$$0000000F      0x080002de   Section        0  libshutdown2.o(.ARM.Collect$$libshutdown$$0000000F)
    .ARM.Collect$$libshutdown$$00000010      0x080002de   Section        2  libshutdown2.o(.ARM.Collect$$libshutdown$$00000010)
    .ARM.Collect$$rtentry$$00000000          0x080002e0   Section        0  __rtentry.o(.ARM.Collect$$rtentry$$00000000)
    .ARM.Collect$$rtentry$$00000002          0x080002e0   Section        0  __rtentry2.o(.ARM.Collect$$rtentry$$00000002)
    .ARM.Collect$$rtentry$$00000004          0x080002e0   Section        6  __rtentry4.o(.ARM.Collect$$rtentry$$00000004)
    .ARM.Collect$$rtentry$$00000009          0x080002e6   Section        0  __rtentry2.o(.ARM.Collect$$rtentry$$00000009)
    .ARM.Collect$$rtentry$$0000000A          0x080002e6   Section        4  __rtentry2.o(.ARM.Collect$$rtentry$$0000000A)
    .ARM.Collect$$rtentry$$0000000C          0x080002ea   Section        0  __rtentry2.o(.ARM.Collect$$rtentry$$0000000C)
    .ARM.Collect$$rtentry$$0000000D          0x080002ea   Section        8  __rtentry2.o(.ARM.Collect$$rtentry$$0000000D)
    .ARM.Collect$$rtexit$$00000000           0x080002f2   Section        2  rtexit.o(.ARM.Collect$$rtexit$$00000000)
    .ARM.Collect$$rtexit$$00000002           0x080002f4   Section        0  rtexit2.o(.ARM.Collect$$rtexit$$00000002)
    .ARM.Collect$$rtexit$$00000003           0x080002f4   Section        4  rtexit2.o(.ARM.Collect$$rtexit$$00000003)
    .ARM.Collect$$rtexit$$00000004           0x080002f8   Section        6  rtexit2.o(.ARM.Collect$$rtexit$$00000004)
    $v0                                      0x08000300   Number         0  startup_stm32f303x8.o(.text)
    .text                                    0x08000300   Section       64  startup_stm32f303x8.o(.text)
    .text                                    0x08000340   Section        0  sprintf.o(.text)
    .text                                    0x0800036c   Section        0  strlen.o(.text)
    .text                                    0x080003aa   Section        0  heapauxi.o(.text)
    .text                                    0x080003b0   Section        0  _printf_pad.o(.text)
    .text                                    0x080003fe   Section        0  _printf_truncate.o(.text)
    .text                                    0x08000422   Section        0  _printf_str.o(.text)
    .text                                    0x08000474   Section        0  _printf_dec.o(.text)
    .text                                    0x080004ec   Section        0  _printf_charcount.o(.text)
    _printf_input_char                       0x08000515   Thumb Code    10  _printf_char_common.o(.text)
    .text                                    0x08000514   Section        0  _printf_char_common.o(.text)
    .text                                    0x08000544   Section        0  _sputc.o(.text)
    .text                                    0x08000550   Section        0  _printf_wctomb.o(.text)
    .text                                    0x0800060c   Section        0  _printf_longlong_dec.o(.text)
    _printf_longlong_oct_internal            0x08000689   Thumb Code     0  _printf_oct_int_ll.o(.text)
    .text                                    0x08000688   Section        0  _printf_oct_int_ll.o(.text)
    _printf_hex_common                       0x080006f9   Thumb Code     0  _printf_hex_int_ll_ptr.o(.text)
    .text                                    0x080006f8   Section        0  _printf_hex_int_ll_ptr.o(.text)
    .text                                    0x0800078c   Section        0  __printf_flags_ss_wp.o(.text)
    .text                                    0x08000914   Section      138  lludiv10.o(.text)
    .text                                    0x0800099e   Section        0  _printf_intcommon.o(.text)
    _fp_digits                               0x08000a51   Thumb Code   432  _printf_fp_dec.o(.text)
    .text                                    0x08000a50   Section        0  _printf_fp_dec.o(.text)
    .text                                    0x08000e6c   Section        0  _printf_fp_hex.o(.text)
    .text                                    0x08001168   Section        0  _printf_char.o(.text)
    .text                                    0x08001194   Section        0  _printf_wchar.o(.text)
    .text                                    0x080011c0   Section        0  _c16rtomb.o(.text)
    .text                                    0x08001208   Section       74  sys_stackheap_outer.o(.text)
    .text                                    0x08001254   Section       16  rt_ctype_table.o(.text)
    .text                                    0x08001264   Section        8  rt_locale_intlibspace.o(.text)
    .text                                    0x0800126c   Section        0  _printf_fp_infnan.o(.text)
    .text                                    0x080012ec   Section        0  bigflt0.o(.text)
    .text                                    0x080013d0   Section        0  exit.o(.text)
    .text                                    0x080013e4   Section        8  libspace.o(.text)
    .text                                    0x080013f0   Section      124  strcmpv7em.o(.text)
    .text                                    0x0800146c   Section        0  sys_exit.o(.text)
    .text                                    0x08001478   Section        2  use_no_semi.o(.text)
    .text                                    0x0800147a   Section        0  indicate_semi.o(.text)
    [Anonymous Symbol]                       0x0800147c   Section        0  adc.o(.text.ADC_Init)
    [Anonymous Symbol]                       0x080014e0   Section        0  pll config stmf3.o(.text.PLL_Config)
    SysTick_Config                           0x0800157d   Thumb Code    82  systick_delay.o(.text.SysTick_Config)
    [Anonymous Symbol]                       0x0800157c   Section        0  systick_delay.o(.text.SysTick_Config)
    [Anonymous Symbol]                       0x080015d0   Section        0  systick_delay.o(.text.SysTick_Handler)
    [Anonymous Symbol]                       0x080015e0   Section        0  systick_delay.o(.text.SysTick_Init)
    [Anonymous Symbol]                       0x08001614   Section        0  system_stm32f3xx.o(.text.SystemCoreClockUpdate)
    [Anonymous Symbol]                       0x08001724   Section        0  system_stm32f3xx.o(.text.SystemInit)
    __NVIC_SetPriority                       0x080017bd   Thumb Code    66  systick_delay.o(.text.__NVIC_SetPriority)
    [Anonymous Symbol]                       0x080017bc   Section        0  systick_delay.o(.text.__NVIC_SetPriority)
    [Anonymous Symbol]                       0x08001800   Section        0  systick_delay.o(.text.delay_nms)
    [Anonymous Symbol]                       0x08001840   Section        0  main.o(.text.fxADCAmp)
    [Anonymous Symbol]                       0x080018b0   Section        0  main.o(.text.fxADCVolt)
    [Anonymous Symbol]                       0x0800191c   Section        0  main.o(.text.fxPower)
    [Anonymous Symbol]                       0x08001938   Section        0  leds.o(.text.init_led)
    [Anonymous Symbol]                       0x08001964   Section        0  pwm.o(.text.init_pwm)
    [Anonymous Symbol]                       0x08001a40   Section        0  usart.o(.text.init_usart)
    [Anonymous Symbol]                       0x08001ad0   Section        0  main.o(.text.main)
    __arm_cp.3_8                             0x08002000   Number         4  main.o(.text.main)
    [Anonymous Symbol]                       0x08002108   Section        0  pwm.o(.text.output_pwm)
    [Anonymous Symbol]                       0x08002180   Section        0  usart.o(.text.print_terminal)
    [Anonymous Symbol]                       0x080021c4   Section        0  adc.o(.text.read_adc)
    [Anonymous Symbol]                       0x08002208   Section        0  usart.o(.text.send_usart)
    CL$$btod_d2e                             0x08002236   Section       62  btod.o(CL$$btod_d2e)
    CL$$btod_d2e_denorm_low                  0x08002274   Section       70  btod.o(CL$$btod_d2e_denorm_low)
    CL$$btod_d2e_norm_op1                    0x080022ba   Section       96  btod.o(CL$$btod_d2e_norm_op1)
    CL$$btod_div_common                      0x0800231c   Section      824  btod.o(CL$$btod_div_common)
    CL$$btod_e2e                             0x08002654   Section      220  btod.o(CL$$btod_e2e)
    CL$$btod_ediv                            0x08002730   Section       42  btod.o(CL$$btod_ediv)
    CL$$btod_emul                            0x0800275a   Section       42  btod.o(CL$$btod_emul)
    CL$$btod_mult_common                     0x08002784   Section      580  btod.o(CL$$btod_mult_common)
    i.__ARM_fpclassify                       0x080029c8   Section        0  fpclassify.o(i.__ARM_fpclassify)
    i._is_digit                              0x080029f8   Section        0  __printf_wp.o(i._is_digit)
    locale$$code                             0x08002a08   Section       44  lc_numeric_c.o(locale$$code)
    locale$$code                             0x08002a34   Section       44  lc_ctype_c.o(locale$$code)
    $v0                                      0x08002a60   Number         0  d2f.o(x$fpl$d2f)
    x$fpl$d2f                                0x08002a60   Section       98  d2f.o(x$fpl$d2f)
    $v0                                      0x08002ac4   Number         0  daddsub_clz.o(x$fpl$dadd)
    x$fpl$dadd                               0x08002ac4   Section      336  daddsub_clz.o(x$fpl$dadd)
    _dadd1                                   0x08002ad5   Thumb Code     0  daddsub_clz.o(x$fpl$dadd)
    $v0                                      0x08002c14   Number         0  dcmpi.o(x$fpl$dcmpinf)
    x$fpl$dcmpinf                            0x08002c14   Section       24  dcmpi.o(x$fpl$dcmpinf)
    $v0                                      0x08002c2c   Number         0  ddiv.o(x$fpl$ddiv)
    x$fpl$ddiv                               0x08002c2c   Section      696  ddiv.o(x$fpl$ddiv)
    ddiv_entry                               0x08002c33   Thumb Code     0  ddiv.o(x$fpl$ddiv)
    $v0                                      0x08002ee4   Number         0  deqf.o(x$fpl$deqf)
    x$fpl$deqf                               0x08002ee4   Section      120  deqf.o(x$fpl$deqf)
    $v0                                      0x08002f5c   Number         0  dgeqf.o(x$fpl$dgeqf)
    x$fpl$dgeqf                              0x08002f5c   Section      120  dgeqf.o(x$fpl$dgeqf)
    $v0                                      0x08002fd4   Number         0  dleqf.o(x$fpl$dleqf)
    x$fpl$dleqf                              0x08002fd4   Section      120  dleqf.o(x$fpl$dleqf)
    $v0                                      0x0800304c   Number         0  dmul.o(x$fpl$dmul)
    x$fpl$dmul                               0x0800304c   Section      340  dmul.o(x$fpl$dmul)
    $v0                                      0x080031a0   Number         0  dnaninf.o(x$fpl$dnaninf)
    x$fpl$dnaninf                            0x080031a0   Section      156  dnaninf.o(x$fpl$dnaninf)
    $v0                                      0x0800323c   Number         0  dretinf.o(x$fpl$dretinf)
    x$fpl$dretinf                            0x0800323c   Section       12  dretinf.o(x$fpl$dretinf)
    $v0                                      0x08003248   Number         0  daddsub_clz.o(x$fpl$dsub)
    x$fpl$dsub                               0x08003248   Section      476  daddsub_clz.o(x$fpl$dsub)
    _dsub1                                   0x08003259   Thumb Code     0  daddsub_clz.o(x$fpl$dsub)
    $v0                                      0x08003424   Number         0  f2d.o(x$fpl$f2d)
    x$fpl$f2d                                0x08003424   Section       86  f2d.o(x$fpl$f2d)
    $v0                                      0x0800347a   Number         0  dcmp.o(x$fpl$fcmp)
    x$fpl$fcmp                               0x0800347a   Section       84  dcmp.o(x$fpl$fcmp)
    $v0                                      0x080034ce   Number         0  fnaninf.o(x$fpl$fnaninf)
    x$fpl$fnaninf                            0x080034ce   Section      140  fnaninf.o(x$fpl$fnaninf)
    $v0                                      0x0800355a   Number         0  fpinit.o(x$fpl$fpinit)
    x$fpl$fpinit                             0x0800355a   Section       26  fpinit.o(x$fpl$fpinit)
    $v0                                      0x08003574   Number         0  fretinf.o(x$fpl$fretinf)
    x$fpl$fretinf                            0x08003574   Section       10  fretinf.o(x$fpl$fretinf)
    $v0                                      0x0800357e   Number         0  printf1.o(x$fpl$printf1)
    x$fpl$printf1                            0x0800357e   Section        4  printf1.o(x$fpl$printf1)
    $v0                                      0x08003582   Number         0  printf2.o(x$fpl$printf2)
    x$fpl$printf2                            0x08003582   Section        4  printf2.o(x$fpl$printf2)
    x$fpl$usenofp                            0x08003586   Section        0  usenofp.o(x$fpl$usenofp)
    initial_mbstate                          0x08003588   Data           8  _printf_wctomb.o(.constdata)
    .constdata                               0x08003588   Section        8  _printf_wctomb.o(.constdata)
    uc_hextab                                0x08003590   Data          20  _printf_hex_int_ll_ptr.o(.constdata)
    .constdata                               0x08003590   Section       40  _printf_hex_int_ll_ptr.o(.constdata)
    lc_hextab                                0x080035a4   Data          20  _printf_hex_int_ll_ptr.o(.constdata)
    maptable                                 0x080035b8   Data          17  __printf_flags_ss_wp.o(.constdata)
    .constdata                               0x080035b8   Section       17  __printf_flags_ss_wp.o(.constdata)
    lc_hextab                                0x080035c9   Data          19  _printf_fp_hex.o(.constdata)
    .constdata                               0x080035c9   Section       38  _printf_fp_hex.o(.constdata)
    uc_hextab                                0x080035dc   Data          19  _printf_fp_hex.o(.constdata)
    tenpwrs_x                                0x080035f0   Data          60  bigflt0.o(.constdata)
    .constdata                               0x080035f0   Section      148  bigflt0.o(.constdata)
    tenpwrs_i                                0x0800362c   Data          64  bigflt0.o(.constdata)
    .L.str                                   0x08003694   Data          54  main.o(.rodata.str1.1)
    [Anonymous Symbol]                       0x08003694   Section        0  main.o(.rodata.str1.1)
    .L.str                                   0x080036ca   Data          16  usart.o(.rodata.str1.1)
    [Anonymous Symbol]                       0x080036ca   Section        0  usart.o(.rodata.str1.1)
    locale$$data                             0x080036fc   Section       28  lc_numeric_c.o(locale$$data)
    __lcnum_c_name                           0x08003700   Data           2  lc_numeric_c.o(locale$$data)
    __lcnum_c_start                          0x08003708   Data           0  lc_numeric_c.o(locale$$data)
    __lcnum_c_point                          0x08003714   Data           0  lc_numeric_c.o(locale$$data)
    __lcnum_c_thousands                      0x08003716   Data           0  lc_numeric_c.o(locale$$data)
    __lcnum_c_grouping                       0x08003717   Data           0  lc_numeric_c.o(locale$$data)
    __lcnum_c_end                            0x08003718   Data           0  lc_numeric_c.o(locale$$data)
    locale$$data                             0x08003718   Section      272  lc_ctype_c.o(locale$$data)
    __lcctype_c_name                         0x0800371c   Data           2  lc_ctype_c.o(locale$$data)
    __lcctype_c_start                        0x08003724   Data           0  lc_ctype_c.o(locale$$data)
    __lcctype_c_end                          0x08003828   Data           0  lc_ctype_c.o(locale$$data)
    .bss                                     0x20000010   Section       96  libspace.o(.bss)
    Heap_Mem                                 0x20000490   Data         512  startup_stm32f303x8.o(HEAP)
    HEAP                                     0x20000490   Section      512  startup_stm32f303x8.o(HEAP)
    Stack_Mem                                0x20000690   Data        1024  startup_stm32f303x8.o(STACK)
    STACK                                    0x20000690   Section     1024  startup_stm32f303x8.o(STACK)
    __initial_sp                             0x20000a90   Data           0  startup_stm32f303x8.o(STACK)

    Global Symbols

    Symbol Name                              Value     Ov Type        Size  Object(Section)

    BuildAttributes$$THM_ISAv4$E$P$D$K$B$S$7EM$VFPi3$EXTD16$VFPS$VFMA$PE$A:L22UL41UL21$X:L11$S22US41US21$IEEE1$IW$~IW$USESV6$~STKCKD$USESV7$~SHL$OTIME$ROPI$IEEEJ$EBA8$UX$STANDARDLIB$REQ8$PRES8$EABIv2 0x00000000   Number         0  anon$$obj.o ABSOLUTE
    _printf_flags                            0x00000000   Number         0  printf_stubs.o ABSOLUTE
    _printf_return_value                     0x00000000   Number         0  printf_stubs.o ABSOLUTE
    _printf_sizespec                         0x00000000   Number         0  printf_stubs.o ABSOLUTE
    _printf_widthprec                        0x00000000   Number         0  printf_stubs.o ABSOLUTE
    __ARM_exceptions_init                     - Undefined Weak Reference
    __alloca_initialize                       - Undefined Weak Reference
    __arm_preinit_                            - Undefined Weak Reference
    __arm_relocate_pie_                       - Undefined Weak Reference
    __cpp_initialize__aeabi_                  - Undefined Weak Reference
    __cxa_finalize                            - Undefined Weak Reference
    __sigvec_lookup                           - Undefined Weak Reference
    _atexit_init                              - Undefined Weak Reference
    _call_atexit_fns                          - Undefined Weak Reference
    _clock_init                               - Undefined Weak Reference
    _fp_trap_init                             - Undefined Weak Reference
    _fp_trap_shutdown                         - Undefined Weak Reference
    _get_lc_collate                           - Undefined Weak Reference
    _get_lc_monetary                          - Undefined Weak Reference
    _get_lc_time                              - Undefined Weak Reference
    _getenv_init                              - Undefined Weak Reference
    _handle_redirection                       - Undefined Weak Reference
    _init_alloc                               - Undefined Weak Reference
    _init_user_alloc                          - Undefined Weak Reference
    _initio                                   - Undefined Weak Reference
    _printf_mbtowc                            - Undefined Weak Reference
    _printf_wc                                - Undefined Weak Reference
    _rand_init                                - Undefined Weak Reference
    _signal_finish                            - Undefined Weak Reference
    _signal_init                              - Undefined Weak Reference
    _terminate_alloc                          - Undefined Weak Reference
    _terminate_user_alloc                     - Undefined Weak Reference
    _terminateio                              - Undefined Weak Reference
    __Vectors_Size                           0x00000188   Number         0  startup_stm32f303x8.o ABSOLUTE
    __Vectors                                0x08000000   Data           4  startup_stm32f303x8.o(RESET)
    __Vectors_End                            0x08000188   Data           0  startup_stm32f303x8.o(RESET)
    __main                                   0x08000189   Thumb Code     8  __main.o(!!!main)
    __scatterload                            0x08000191   Thumb Code     0  __scatter.o(!!!scatter)
    __scatterload_rt2                        0x08000191   Thumb Code    84  __scatter.o(!!!scatter)
    __scatterload_rt2_thumb_only             0x08000191   Thumb Code     0  __scatter.o(!!!scatter)
    __scatterload_loop                       0x0800019b   Thumb Code     0  __scatter.o(!!!scatter)
    __scatterload_copy                       0x080001ed   Thumb Code    26  __scatter_copy.o(!!handler_copy)
    __scatterload_null                       0x08000209   Thumb Code     2  __scatter.o(!!handler_null)
    __scatterload_zeroinit                   0x0800020d   Thumb Code    28  __scatter_zi.o(!!handler_zi)
    _printf_n                                0x08000229   Thumb Code     0  _printf_n.o(.ARM.Collect$$_printf_percent$$00000001)
    _printf_percent                          0x08000229   Thumb Code     0  _printf_percent.o(.ARM.Collect$$_printf_percent$$00000000)
    _printf_p                                0x0800022f   Thumb Code     0  _printf_p.o(.ARM.Collect$$_printf_percent$$00000002)
    _printf_f                                0x08000235   Thumb Code     0  _printf_f.o(.ARM.Collect$$_printf_percent$$00000003)
    _printf_e                                0x0800023b   Thumb Code     0  _printf_e.o(.ARM.Collect$$_printf_percent$$00000004)
    _printf_g                                0x08000241   Thumb Code     0  _printf_g.o(.ARM.Collect$$_printf_percent$$00000005)
    _printf_a                                0x08000247   Thumb Code     0  _printf_a.o(.ARM.Collect$$_printf_percent$$00000006)
    _printf_ll                               0x0800024d   Thumb Code     0  _printf_ll.o(.ARM.Collect$$_printf_percent$$00000007)
    _printf_i                                0x08000257   Thumb Code     0  _printf_i.o(.ARM.Collect$$_printf_percent$$00000008)
    _printf_d                                0x0800025d   Thumb Code     0  _printf_d.o(.ARM.Collect$$_printf_percent$$00000009)
    _printf_u                                0x08000263   Thumb Code     0  _printf_u.o(.ARM.Collect$$_printf_percent$$0000000A)
    _printf_o                                0x08000269   Thumb Code     0  _printf_o.o(.ARM.Collect$$_printf_percent$$0000000B)
    _printf_x                                0x0800026f   Thumb Code     0  _printf_x.o(.ARM.Collect$$_printf_percent$$0000000C)
    _printf_lli                              0x08000275   Thumb Code     0  _printf_lli.o(.ARM.Collect$$_printf_percent$$0000000D)
    _printf_lld                              0x0800027b   Thumb Code     0  _printf_lld.o(.ARM.Collect$$_printf_percent$$0000000E)
    _printf_llu                              0x08000281   Thumb Code     0  _printf_llu.o(.ARM.Collect$$_printf_percent$$0000000F)
    _printf_llo                              0x08000287   Thumb Code     0  _printf_llo.o(.ARM.Collect$$_printf_percent$$00000010)
    _printf_llx                              0x0800028d   Thumb Code     0  _printf_llx.o(.ARM.Collect$$_printf_percent$$00000011)
    _printf_l                                0x08000293   Thumb Code     0  _printf_l.o(.ARM.Collect$$_printf_percent$$00000012)
    _printf_c                                0x0800029d   Thumb Code     0  _printf_c.o(.ARM.Collect$$_printf_percent$$00000013)
    _printf_s                                0x080002a3   Thumb Code     0  _printf_s.o(.ARM.Collect$$_printf_percent$$00000014)
    _printf_lc                               0x080002a9   Thumb Code     0  _printf_lc.o(.ARM.Collect$$_printf_percent$$00000015)
    _printf_ls                               0x080002af   Thumb Code     0  _printf_ls.o(.ARM.Collect$$_printf_percent$$00000016)
    _printf_percent_end                      0x080002b5   Thumb Code     0  _printf_percent_end.o(.ARM.Collect$$_printf_percent$$00000017)
    __rt_lib_init                            0x080002b9   Thumb Code     0  libinit.o(.ARM.Collect$$libinit$$00000000)
    __rt_lib_init_fp_1                       0x080002bb   Thumb Code     0  libinit2.o(.ARM.Collect$$libinit$$00000001)
    __rt_lib_init_heap_1                     0x080002bf   Thumb Code     0  libinit2.o(.ARM.Collect$$libinit$$0000000C)
    __rt_lib_init_lc_common                  0x080002bf   Thumb Code     0  libinit2.o(.ARM.Collect$$libinit$$00000011)
    __rt_lib_init_preinit_1                  0x080002bf   Thumb Code     0  libinit2.o(.ARM.Collect$$libinit$$00000006)
    __rt_lib_init_rand_1                     0x080002bf   Thumb Code     0  libinit2.o(.ARM.Collect$$libinit$$00000010)
    __rt_lib_init_relocate_pie_1             0x080002bf   Thumb Code     0  libinit2.o(.ARM.Collect$$libinit$$00000004)
    __rt_lib_init_user_alloc_1               0x080002bf   Thumb Code     0  libinit2.o(.ARM.Collect$$libinit$$0000000E)
    __rt_lib_init_lc_collate_1               0x080002c5   Thumb Code     0  libinit2.o(.ARM.Collect$$libinit$$00000013)
    __rt_lib_init_lc_ctype_2                 0x080002c5   Thumb Code     0  libinit2.o(.ARM.Collect$$libinit$$00000014)
    __rt_lib_init_lc_ctype_1                 0x080002d1   Thumb Code     0  libinit2.o(.ARM.Collect$$libinit$$00000015)
    __rt_lib_init_lc_monetary_1              0x080002d1   Thumb Code     0  libinit2.o(.ARM.Collect$$libinit$$00000017)
    __rt_lib_init_lc_numeric_2               0x080002d1   Thumb Code     0  libinit2.o(.ARM.Collect$$libinit$$00000018)
    __rt_lib_init_alloca_1                   0x080002db   Thumb Code     0  libinit2.o(.ARM.Collect$$libinit$$00000030)
    __rt_lib_init_argv_1                     0x080002db   Thumb Code     0  libinit2.o(.ARM.Collect$$libinit$$0000002E)
    __rt_lib_init_atexit_1                   0x080002db   Thumb Code     0  libinit2.o(.ARM.Collect$$libinit$$0000001D)
    __rt_lib_init_clock_1                    0x080002db   Thumb Code     0  libinit2.o(.ARM.Collect$$libinit$$00000023)
    __rt_lib_init_cpp_1                      0x080002db   Thumb Code     0  libinit2.o(.ARM.Collect$$libinit$$00000034)
    __rt_lib_init_exceptions_1               0x080002db   Thumb Code     0  libinit2.o(.ARM.Collect$$libinit$$00000032)
    __rt_lib_init_fp_trap_1                  0x080002db   Thumb Code     0  libinit2.o(.ARM.Collect$$libinit$$00000021)
    __rt_lib_init_getenv_1                   0x080002db   Thumb Code     0  libinit2.o(.ARM.Collect$$libinit$$00000025)
    __rt_lib_init_lc_numeric_1               0x080002db   Thumb Code     0  libinit2.o(.ARM.Collect$$libinit$$00000019)
    __rt_lib_init_lc_time_1                  0x080002db   Thumb Code     0  libinit2.o(.ARM.Collect$$libinit$$0000001B)
    __rt_lib_init_return                     0x080002db   Thumb Code     0  libinit2.o(.ARM.Collect$$libinit$$00000035)
    __rt_lib_init_signal_1                   0x080002db   Thumb Code     0  libinit2.o(.ARM.Collect$$libinit$$0000001F)
    __rt_lib_init_stdio_1                    0x080002db   Thumb Code     0  libinit2.o(.ARM.Collect$$libinit$$00000027)
    __rt_lib_shutdown                        0x080002dd   Thumb Code     0  libshutdown.o(.ARM.Collect$$libshutdown$$00000000)
    __rt_lib_shutdown_cpp_1                  0x080002df   Thumb Code     0  libshutdown2.o(.ARM.Collect$$libshutdown$$00000002)
    __rt_lib_shutdown_fp_trap_1              0x080002df   Thumb Code     0  libshutdown2.o(.ARM.Collect$$libshutdown$$00000007)
    __rt_lib_shutdown_heap_1                 0x080002df   Thumb Code     0  libshutdown2.o(.ARM.Collect$$libshutdown$$0000000F)
    __rt_lib_shutdown_return                 0x080002df   Thumb Code     0  libshutdown2.o(.ARM.Collect$$libshutdown$$00000010)
    __rt_lib_shutdown_signal_1               0x080002df   Thumb Code     0  libshutdown2.o(.ARM.Collect$$libshutdown$$0000000A)
    __rt_lib_shutdown_stdio_1                0x080002df   Thumb Code     0  libshutdown2.o(.ARM.Collect$$libshutdown$$00000004)
    __rt_lib_shutdown_user_alloc_1           0x080002df   Thumb Code     0  libshutdown2.o(.ARM.Collect$$libshutdown$$0000000C)
    __rt_entry                               0x080002e1   Thumb Code     0  __rtentry.o(.ARM.Collect$$rtentry$$00000000)
    __rt_entry_presh_1                       0x080002e1   Thumb Code     0  __rtentry2.o(.ARM.Collect$$rtentry$$00000002)
    __rt_entry_sh                            0x080002e1   Thumb Code     0  __rtentry4.o(.ARM.Collect$$rtentry$$00000004)
    __rt_entry_li                            0x080002e7   Thumb Code     0  __rtentry2.o(.ARM.Collect$$rtentry$$0000000A)
    __rt_entry_postsh_1                      0x080002e7   Thumb Code     0  __rtentry2.o(.ARM.Collect$$rtentry$$00000009)
    __rt_entry_main                          0x080002eb   Thumb Code     0  __rtentry2.o(.ARM.Collect$$rtentry$$0000000D)
    __rt_entry_postli_1                      0x080002eb   Thumb Code     0  __rtentry2.o(.ARM.Collect$$rtentry$$0000000C)
    __rt_exit                                0x080002f3   Thumb Code     0  rtexit.o(.ARM.Collect$$rtexit$$00000000)
    __rt_exit_ls                             0x080002f5   Thumb Code     0  rtexit2.o(.ARM.Collect$$rtexit$$00000003)
    __rt_exit_prels_1                        0x080002f5   Thumb Code     0  rtexit2.o(.ARM.Collect$$rtexit$$00000002)
    __rt_exit_exit                           0x080002f9   Thumb Code     0  rtexit2.o(.ARM.Collect$$rtexit$$00000004)
    Reset_Handler                            0x08000301   Thumb Code     8  startup_stm32f303x8.o(.text)
    NMI_Handler                              0x08000309   Thumb Code     2  startup_stm32f303x8.o(.text)
    HardFault_Handler                        0x0800030b   Thumb Code     2  startup_stm32f303x8.o(.text)
    MemManage_Handler                        0x0800030d   Thumb Code     2  startup_stm32f303x8.o(.text)
    BusFault_Handler                         0x0800030f   Thumb Code     2  startup_stm32f303x8.o(.text)
    UsageFault_Handler                       0x08000311   Thumb Code     2  startup_stm32f303x8.o(.text)
    SVC_Handler                              0x08000313   Thumb Code     2  startup_stm32f303x8.o(.text)
    DebugMon_Handler                         0x08000315   Thumb Code     2  startup_stm32f303x8.o(.text)
    PendSV_Handler                           0x08000317   Thumb Code     2  startup_stm32f303x8.o(.text)
    ADC1_2_IRQHandler                        0x0800031b   Thumb Code     0  startup_stm32f303x8.o(.text)
    CAN_RX0_IRQHandler                       0x0800031b   Thumb Code     0  startup_stm32f303x8.o(.text)
    CAN_RX1_IRQHandler                       0x0800031b   Thumb Code     0  startup_stm32f303x8.o(.text)
    CAN_SCE_IRQHandler                       0x0800031b   Thumb Code     0  startup_stm32f303x8.o(.text)
    CAN_TX_IRQHandler                        0x0800031b   Thumb Code     0  startup_stm32f303x8.o(.text)
    COMP2_IRQHandler                         0x0800031b   Thumb Code     0  startup_stm32f303x8.o(.text)
    COMP4_6_IRQHandler                       0x0800031b   Thumb Code     0  startup_stm32f303x8.o(.text)
    DMA1_Channel1_IRQHandler                 0x0800031b   Thumb Code     0  startup_stm32f303x8.o(.text)
    DMA1_Channel2_IRQHandler                 0x0800031b   Thumb Code     0  startup_stm32f303x8.o(.text)
    DMA1_Channel3_IRQHandler                 0x0800031b   Thumb Code     0  startup_stm32f303x8.o(.text)
    DMA1_Channel4_IRQHandler                 0x0800031b   Thumb Code     0  startup_stm32f303x8.o(.text)
    DMA1_Channel5_IRQHandler                 0x0800031b   Thumb Code     0  startup_stm32f303x8.o(.text)
    DMA1_Channel6_IRQHandler                 0x0800031b   Thumb Code     0  startup_stm32f303x8.o(.text)
    DMA1_Channel7_IRQHandler                 0x0800031b   Thumb Code     0  startup_stm32f303x8.o(.text)
    EXTI0_IRQHandler                         0x0800031b   Thumb Code     0  startup_stm32f303x8.o(.text)
    EXTI15_10_IRQHandler                     0x0800031b   Thumb Code     0  startup_stm32f303x8.o(.text)
    EXTI1_IRQHandler                         0x0800031b   Thumb Code     0  startup_stm32f303x8.o(.text)
    EXTI2_TSC_IRQHandler                     0x0800031b   Thumb Code     0  startup_stm32f303x8.o(.text)
    EXTI3_IRQHandler                         0x0800031b   Thumb Code     0  startup_stm32f303x8.o(.text)
    EXTI4_IRQHandler                         0x0800031b   Thumb Code     0  startup_stm32f303x8.o(.text)
    EXTI9_5_IRQHandler                       0x0800031b   Thumb Code     0  startup_stm32f303x8.o(.text)
    FLASH_IRQHandler                         0x0800031b   Thumb Code     0  startup_stm32f303x8.o(.text)
    FPU_IRQHandler                           0x0800031b   Thumb Code     0  startup_stm32f303x8.o(.text)
    I2C1_ER_IRQHandler                       0x0800031b   Thumb Code     0  startup_stm32f303x8.o(.text)
    I2C1_EV_IRQHandler                       0x0800031b   Thumb Code     0  startup_stm32f303x8.o(.text)
    PVD_IRQHandler                           0x0800031b   Thumb Code     0  startup_stm32f303x8.o(.text)
    RCC_IRQHandler                           0x0800031b   Thumb Code     0  startup_stm32f303x8.o(.text)
    RTC_Alarm_IRQHandler                     0x0800031b   Thumb Code     0  startup_stm32f303x8.o(.text)
    RTC_WKUP_IRQHandler                      0x0800031b   Thumb Code     0  startup_stm32f303x8.o(.text)
    SPI1_IRQHandler                          0x0800031b   Thumb Code     0  startup_stm32f303x8.o(.text)
    TAMP_STAMP_IRQHandler                    0x0800031b   Thumb Code     0  startup_stm32f303x8.o(.text)
    TIM1_BRK_TIM15_IRQHandler                0x0800031b   Thumb Code     0  startup_stm32f303x8.o(.text)
    TIM1_CC_IRQHandler                       0x0800031b   Thumb Code     0  startup_stm32f303x8.o(.text)
    TIM1_TRG_COM_TIM17_IRQHandler            0x0800031b   Thumb Code     0  startup_stm32f303x8.o(.text)
    TIM1_UP_TIM16_IRQHandler                 0x0800031b   Thumb Code     0  startup_stm32f303x8.o(.text)
    TIM2_IRQHandler                          0x0800031b   Thumb Code     0  startup_stm32f303x8.o(.text)
    TIM3_IRQHandler                          0x0800031b   Thumb Code     0  startup_stm32f303x8.o(.text)
    TIM6_DAC1_IRQHandler                     0x0800031b   Thumb Code     0  startup_stm32f303x8.o(.text)
    TIM7_DAC2_IRQHandler                     0x0800031b   Thumb Code     0  startup_stm32f303x8.o(.text)
    USART1_IRQHandler                        0x0800031b   Thumb Code     0  startup_stm32f303x8.o(.text)
    USART2_IRQHandler                        0x0800031b   Thumb Code     0  startup_stm32f303x8.o(.text)
    USART3_IRQHandler                        0x0800031b   Thumb Code     0  startup_stm32f303x8.o(.text)
    WWDG_IRQHandler                          0x0800031b   Thumb Code     0  startup_stm32f303x8.o(.text)
    __user_initial_stackheap                 0x0800031d   Thumb Code     0  startup_stm32f303x8.o(.text)
    sprintf                                  0x08000341   Thumb Code    38  sprintf.o(.text)
    strlen                                   0x0800036d   Thumb Code    62  strlen.o(.text)
    __use_two_region_memory                  0x080003ab   Thumb Code     2  heapauxi.o(.text)
    __rt_heap_escrow$2region                 0x080003ad   Thumb Code     2  heapauxi.o(.text)
    __rt_heap_expand$2region                 0x080003af   Thumb Code     2  heapauxi.o(.text)
    _printf_pre_padding                      0x080003b1   Thumb Code    44  _printf_pad.o(.text)
    _printf_post_padding                     0x080003dd   Thumb Code    34  _printf_pad.o(.text)
    _printf_truncate_signed                  0x080003ff   Thumb Code    18  _printf_truncate.o(.text)
    _printf_truncate_unsigned                0x08000411   Thumb Code    18  _printf_truncate.o(.text)
    _printf_str                              0x08000423   Thumb Code    82  _printf_str.o(.text)
    _printf_int_dec                          0x08000475   Thumb Code   104  _printf_dec.o(.text)
    _printf_charcount                        0x080004ed   Thumb Code    40  _printf_charcount.o(.text)
    _printf_char_common                      0x0800051f   Thumb Code    32  _printf_char_common.o(.text)
    _sputc                                   0x08000545   Thumb Code    10  _sputc.o(.text)
    _printf_wctomb                           0x08000551   Thumb Code   182  _printf_wctomb.o(.text)
    _printf_longlong_dec                     0x0800060d   Thumb Code   108  _printf_longlong_dec.o(.text)
    _printf_longlong_oct                     0x08000689   Thumb Code    68  _printf_oct_int_ll.o(.text)
    _printf_int_oct                          0x080006cd   Thumb Code    24  _printf_oct_int_ll.o(.text)
    _printf_ll_oct                           0x080006e5   Thumb Code    12  _printf_oct_int_ll.o(.text)
    _printf_longlong_hex                     0x080006f9   Thumb Code    86  _printf_hex_int_ll_ptr.o(.text)
    _printf_int_hex                          0x0800074f   Thumb Code    28  _printf_hex_int_ll_ptr.o(.text)
    _printf_ll_hex                           0x0800076b   Thumb Code    12  _printf_hex_int_ll_ptr.o(.text)
    _printf_hex_ptr                          0x08000777   Thumb Code    18  _printf_hex_int_ll_ptr.o(.text)
    __printf                                 0x0800078d   Thumb Code   388  __printf_flags_ss_wp.o(.text)
    _ll_udiv10                               0x08000915   Thumb Code   138  lludiv10.o(.text)
    _printf_int_common                       0x0800099f   Thumb Code   178  _printf_intcommon.o(.text)
    _printf_fp_dec_real                      0x08000c01   Thumb Code   620  _printf_fp_dec.o(.text)
    _printf_fp_hex_real                      0x08000e6d   Thumb Code   756  _printf_fp_hex.o(.text)
    _printf_cs_common                        0x08001169   Thumb Code    20  _printf_char.o(.text)
    _printf_char                             0x0800117d   Thumb Code    16  _printf_char.o(.text)
    _printf_string                           0x0800118d   Thumb Code     8  _printf_char.o(.text)
    _printf_lcs_common                       0x08001195   Thumb Code    20  _printf_wchar.o(.text)
    _printf_wchar                            0x080011a9   Thumb Code    16  _printf_wchar.o(.text)
    _printf_wstring                          0x080011b9   Thumb Code     8  _printf_wchar.o(.text)
    _c16rtomb                                0x080011c1   Thumb Code    72  _c16rtomb.o(.text)
    _wcrtomb                                 0x080011c1   Thumb Code     0  _c16rtomb.o(.text)
    __user_setup_stackheap                   0x08001209   Thumb Code    74  sys_stackheap_outer.o(.text)
    __rt_ctype_table                         0x08001255   Thumb Code    16  rt_ctype_table.o(.text)
    __rt_locale                              0x08001265   Thumb Code     8  rt_locale_intlibspace.o(.text)
    _printf_fp_infnan                        0x0800126d   Thumb Code   112  _printf_fp_infnan.o(.text)
    _btod_etento                             0x080012ed   Thumb Code   224  bigflt0.o(.text)
    exit                                     0x080013d1   Thumb Code    18  exit.o(.text)
    __user_libspace                          0x080013e5   Thumb Code     8  libspace.o(.text)
    __user_perproc_libspace                  0x080013e5   Thumb Code     0  libspace.o(.text)
    __user_perthread_libspace                0x080013e5   Thumb Code     0  libspace.o(.text)
    strcmp                                   0x080013f1   Thumb Code   124  strcmpv7em.o(.text)
    _sys_exit                                0x0800146d   Thumb Code     8  sys_exit.o(.text)
    __I$use$semihosting                      0x08001479   Thumb Code     0  use_no_semi.o(.text)
    __use_no_semihosting_swi                 0x08001479   Thumb Code     2  use_no_semi.o(.text)
    __semihosting_library_function           0x0800147b   Thumb Code     0  indicate_semi.o(.text)
    ADC_Init                                 0x0800147d   Thumb Code   100  adc.o(.text.ADC_Init)
    PLL_Config                               0x080014e1   Thumb Code   154  pll config stmf3.o(.text.PLL_Config)
    SysTick_Handler                          0x080015d1   Thumb Code    16  systick_delay.o(.text.SysTick_Handler)
    SysTick_Init                             0x080015e1   Thumb Code    50  systick_delay.o(.text.SysTick_Init)
    SystemCoreClockUpdate                    0x08001615   Thumb Code   272  system_stm32f3xx.o(.text.SystemCoreClockUpdate)
    SystemInit                               0x08001725   Thumb Code   150  system_stm32f3xx.o(.text.SystemInit)
    delay_nms                                0x08001801   Thumb Code    64  systick_delay.o(.text.delay_nms)
    fxADCAmp                                 0x08001841   Thumb Code    88  main.o(.text.fxADCAmp)
    fxADCVolt                                0x080018b1   Thumb Code    88  main.o(.text.fxADCVolt)
    fxPower                                  0x0800191d   Thumb Code    26  main.o(.text.fxPower)
    init_led                                 0x08001939   Thumb Code    42  leds.o(.text.init_led)
    init_pwm                                 0x08001965   Thumb Code   220  pwm.o(.text.init_pwm)
    init_usart                               0x08001a41   Thumb Code   138  usart.o(.text.init_usart)
    main                                     0x08001ad1   Thumb Code  1568  main.o(.text.main)
    output_pwm                               0x08002109   Thumb Code   116  pwm.o(.text.output_pwm)
    print_terminal                           0x08002181   Thumb Code    66  usart.o(.text.print_terminal)
    read_adc                                 0x080021c5   Thumb Code    68  adc.o(.text.read_adc)
    send_usart                               0x08002209   Thumb Code    46  usart.o(.text.send_usart)
    _btod_d2e                                0x08002237   Thumb Code    62  btod.o(CL$$btod_d2e)
    _d2e_denorm_low                          0x08002275   Thumb Code    70  btod.o(CL$$btod_d2e_denorm_low)
    _d2e_norm_op1                            0x080022bb   Thumb Code    96  btod.o(CL$$btod_d2e_norm_op1)
    __btod_div_common                        0x0800231d   Thumb Code   696  btod.o(CL$$btod_div_common)
    _e2e                                     0x08002655   Thumb Code   220  btod.o(CL$$btod_e2e)
    _btod_ediv                               0x08002731   Thumb Code    42  btod.o(CL$$btod_ediv)
    _btod_emul                               0x0800275b   Thumb Code    42  btod.o(CL$$btod_emul)
    __btod_mult_common                       0x08002785   Thumb Code   580  btod.o(CL$$btod_mult_common)
    __ARM_fpclassify                         0x080029c9   Thumb Code    48  fpclassify.o(i.__ARM_fpclassify)
    _is_digit                                0x080029f9   Thumb Code    14  __printf_wp.o(i._is_digit)
    _get_lc_numeric                          0x08002a09   Thumb Code    44  lc_numeric_c.o(locale$$code)
    _get_lc_ctype                            0x08002a35   Thumb Code    44  lc_ctype_c.o(locale$$code)
    __aeabi_d2f                              0x08002a61   Thumb Code     0  d2f.o(x$fpl$d2f)
    _d2f                                     0x08002a61   Thumb Code    98  d2f.o(x$fpl$d2f)
    __aeabi_dadd                             0x08002ac5   Thumb Code     0  daddsub_clz.o(x$fpl$dadd)
    _dadd                                    0x08002ac5   Thumb Code   332  daddsub_clz.o(x$fpl$dadd)
    __fpl_dcmp_Inf                           0x08002c15   Thumb Code    24  dcmpi.o(x$fpl$dcmpinf)
    __aeabi_ddiv                             0x08002c2d   Thumb Code     0  ddiv.o(x$fpl$ddiv)
    _ddiv                                    0x08002c2d   Thumb Code   560  ddiv.o(x$fpl$ddiv)
    __aeabi_cdcmpeq                          0x08002ee5   Thumb Code     0  deqf.o(x$fpl$deqf)
    _dcmpeq                                  0x08002ee5   Thumb Code   120  deqf.o(x$fpl$deqf)
    __aeabi_cdcmpge                          0x08002f5d   Thumb Code     0  dgeqf.o(x$fpl$dgeqf)
    _dcmpge                                  0x08002f5d   Thumb Code   120  dgeqf.o(x$fpl$dgeqf)
    __aeabi_cdcmple                          0x08002fd5   Thumb Code     0  dleqf.o(x$fpl$dleqf)
    _dcmple                                  0x08002fd5   Thumb Code   120  dleqf.o(x$fpl$dleqf)
    __fpl_dcmple_InfNaN                      0x08003037   Thumb Code     0  dleqf.o(x$fpl$dleqf)
    __aeabi_dmul                             0x0800304d   Thumb Code     0  dmul.o(x$fpl$dmul)
    _dmul                                    0x0800304d   Thumb Code   332  dmul.o(x$fpl$dmul)
    __fpl_dnaninf                            0x080031a1   Thumb Code   156  dnaninf.o(x$fpl$dnaninf)
    __fpl_dretinf                            0x0800323d   Thumb Code    12  dretinf.o(x$fpl$dretinf)
    __aeabi_dsub                             0x08003249   Thumb Code     0  daddsub_clz.o(x$fpl$dsub)
    _dsub                                    0x08003249   Thumb Code   472  daddsub_clz.o(x$fpl$dsub)
    __aeabi_f2d                              0x08003425   Thumb Code     0  f2d.o(x$fpl$f2d)
    _f2d                                     0x08003425   Thumb Code    86  f2d.o(x$fpl$f2d)
    __aeabi_dcmpeq                           0x0800347b   Thumb Code     0  dcmp.o(x$fpl$fcmp)
    _deq                                     0x0800347b   Thumb Code    14  dcmp.o(x$fpl$fcmp)
    _dneq                                    0x08003489   Thumb Code    14  dcmp.o(x$fpl$fcmp)
    __aeabi_dcmpgt                           0x08003497   Thumb Code     0  dcmp.o(x$fpl$fcmp)
    _dgr                                     0x08003497   Thumb Code    14  dcmp.o(x$fpl$fcmp)
    __aeabi_dcmpge                           0x080034a5   Thumb Code     0  dcmp.o(x$fpl$fcmp)
    _dgeq                                    0x080034a5   Thumb Code    14  dcmp.o(x$fpl$fcmp)
    __aeabi_dcmple                           0x080034b3   Thumb Code     0  dcmp.o(x$fpl$fcmp)
    _dleq                                    0x080034b3   Thumb Code    14  dcmp.o(x$fpl$fcmp)
    __aeabi_dcmplt                           0x080034c1   Thumb Code     0  dcmp.o(x$fpl$fcmp)
    _dls                                     0x080034c1   Thumb Code    14  dcmp.o(x$fpl$fcmp)
    __fpl_fnaninf                            0x080034cf   Thumb Code   140  fnaninf.o(x$fpl$fnaninf)
    _fp_init                                 0x0800355b   Thumb Code    26  fpinit.o(x$fpl$fpinit)
    __fplib_config_fpu_vfp                   0x08003573   Thumb Code     0  fpinit.o(x$fpl$fpinit)
    __fplib_config_pureend_doubles           0x08003573   Thumb Code     0  fpinit.o(x$fpl$fpinit)
    __fpl_fretinf                            0x08003575   Thumb Code    10  fretinf.o(x$fpl$fretinf)
    _printf_fp_dec                           0x0800357f   Thumb Code     4  printf1.o(x$fpl$printf1)
    _printf_fp_hex                           0x08003583   Thumb Code     4  printf2.o(x$fpl$printf2)
    __I$use$fp                               0x08003586   Number         0  usenofp.o(x$fpl$usenofp)
    AHBPrescTable                            0x08003684   Data          16  system_stm32f3xx.o(.rodata.AHBPrescTable)
    Region$$Table$$Base                      0x080036dc   Number         0  anon$$obj.o(Region$$Table)
    Region$$Table$$Limit                     0x080036fc   Number         0  anon$$obj.o(Region$$Table)
    __ctype                                  0x08003725   Data           0  lc_ctype_c.o(locale$$data)
    SystemCoreClock                          0x20000000   Data           4  system_stm32f3xx.o(.data.SystemCoreClock)
    flStep                                   0x20000004   Data           4  main.o(.data.flStep)
    flVref                                   0x20000008   Data           4  main.o(.data.flVref)
    __libspace_start                         0x20000010   Data          96  libspace.o(.bss)
    PWM_MAX                                  0x20000070   Data           2  pwm.o(.bss.PWM_MAX)
    __temporary_stack_top$libspace           0x20000070   Data           0  libspace.o(.bss)
    eSwitch                                  0x20000072   Data           1  main.o(.bss.eSwitch)
    flCurr                                   0x20000074   Data           4  main.o(.bss.flCurr)
    flCurrPrev                               0x20000078   Data           4  main.o(.bss.flCurrPrev)
    flPower                                  0x2000007c   Data           4  main.o(.bss.flPower)
    flPowerPrev                              0x20000080   Data           4  main.o(.bss.flPowerPrev)
    flVolt                                   0x20000084   Data           4  main.o(.bss.flVolt)
    flVoltPrev                               0x20000088   Data           4  main.o(.bss.flVoltPrev)
    ms_counter                               0x2000008c   Data           4  systick_delay.o(.bss.ms_counter)
    stPowerBuffer                            0x20000090   Data        1024  main.o(.bss.stPowerBuffer)



==============================================================================

Memory Map of the image

  Image Entry point : 0x08000301

  Load Region LR_1 (Base: 0x08000000, Size: 0x00003834, Max: 0xffffffff, ABSOLUTE)

    Execution Region ER_RO (Exec base: 0x08000000, Load base: 0x08000000, Size: 0x00003828, Max: 0xffffffff, ABSOLUTE)

    Exec Addr    Load Addr    Size         Type   Attr      Idx    E Section Name        Object

    0x08000000   0x08000000   0x00000188   Data   RO          105    RESET               startup_stm32f303x8.o
    0x08000188   0x08000188   0x00000008   Code   RO          134  * !!!main             c_w.l(__main.o)
    0x08000190   0x08000190   0x0000005c   Code   RO          505    !!!scatter          c_w.l(__scatter.o)
    0x080001ec   0x080001ec   0x0000001a   Code   RO          509    !!handler_copy      c_w.l(__scatter_copy.o)
    0x08000206   0x08000206   0x00000002   PAD
    0x08000208   0x08000208   0x00000002   Code   RO          506    !!handler_null      c_w.l(__scatter.o)
    0x0800020a   0x0800020a   0x00000002   PAD
    0x0800020c   0x0800020c   0x0000001c   Code   RO          511    !!handler_zi        c_w.l(__scatter_zi.o)
    0x08000228   0x08000228   0x00000000   Code   RO          236    .ARM.Collect$$_printf_percent$$00000000  c_w.l(_printf_percent.o)
    0x08000228   0x08000228   0x00000006   Code   RO          225    .ARM.Collect$$_printf_percent$$00000001  c_w.l(_printf_n.o)
    0x0800022e   0x0800022e   0x00000006   Code   RO          227    .ARM.Collect$$_printf_percent$$00000002  c_w.l(_printf_p.o)
    0x08000234   0x08000234   0x00000006   Code   RO          232    .ARM.Collect$$_printf_percent$$00000003  c_w.l(_printf_f.o)
    0x0800023a   0x0800023a   0x00000006   Code   RO          233    .ARM.Collect$$_printf_percent$$00000004  c_w.l(_printf_e.o)
    0x08000240   0x08000240   0x00000006   Code   RO          234    .ARM.Collect$$_printf_percent$$00000005  c_w.l(_printf_g.o)
    0x08000246   0x08000246   0x00000006   Code   RO          235    .ARM.Collect$$_printf_percent$$00000006  c_w.l(_printf_a.o)
    0x0800024c   0x0800024c   0x0000000a   Code   RO          240    .ARM.Collect$$_printf_percent$$00000007  c_w.l(_printf_ll.o)
    0x08000256   0x08000256   0x00000006   Code   RO          229    .ARM.Collect$$_printf_percent$$00000008  c_w.l(_printf_i.o)
    0x0800025c   0x0800025c   0x00000006   Code   RO          230    .ARM.Collect$$_printf_percent$$00000009  c_w.l(_printf_d.o)
    0x08000262   0x08000262   0x00000006   Code   RO          231    .ARM.Collect$$_printf_percent$$0000000A  c_w.l(_printf_u.o)
    0x08000268   0x08000268   0x00000006   Code   RO          228    .ARM.Collect$$_printf_percent$$0000000B  c_w.l(_printf_o.o)
    0x0800026e   0x0800026e   0x00000006   Code   RO          226    .ARM.Collect$$_printf_percent$$0000000C  c_w.l(_printf_x.o)
    0x08000274   0x08000274   0x00000006   Code   RO          237    .ARM.Collect$$_printf_percent$$0000000D  c_w.l(_printf_lli.o)
    0x0800027a   0x0800027a   0x00000006   Code   RO          238    .ARM.Collect$$_printf_percent$$0000000E  c_w.l(_printf_lld.o)
    0x08000280   0x08000280   0x00000006   Code   RO          239    .ARM.Collect$$_printf_percent$$0000000F  c_w.l(_printf_llu.o)
    0x08000286   0x08000286   0x00000006   Code   RO          244    .ARM.Collect$$_printf_percent$$00000010  c_w.l(_printf_llo.o)
    0x0800028c   0x0800028c   0x00000006   Code   RO          245    .ARM.Collect$$_printf_percent$$00000011  c_w.l(_printf_llx.o)
    0x08000292   0x08000292   0x0000000a   Code   RO          241    .ARM.Collect$$_printf_percent$$00000012  c_w.l(_printf_l.o)
    0x0800029c   0x0800029c   0x00000006   Code   RO          223    .ARM.Collect$$_printf_percent$$00000013  c_w.l(_printf_c.o)
    0x080002a2   0x080002a2   0x00000006   Code   RO          224    .ARM.Collect$$_printf_percent$$00000014  c_w.l(_printf_s.o)
    0x080002a8   0x080002a8   0x00000006   Code   RO          242    .ARM.Collect$$_printf_percent$$00000015  c_w.l(_printf_lc.o)
    0x080002ae   0x080002ae   0x00000006   Code   RO          243    .ARM.Collect$$_printf_percent$$00000016  c_w.l(_printf_ls.o)
    0x080002b4   0x080002b4   0x00000004   Code   RO          301    .ARM.Collect$$_printf_percent$$00000017  c_w.l(_printf_percent_end.o)
    0x080002b8   0x080002b8   0x00000002   Code   RO          354    .ARM.Collect$$libinit$$00000000  c_w.l(libinit.o)
    0x080002ba   0x080002ba   0x00000004   Code   RO          371    .ARM.Collect$$libinit$$00000001  c_w.l(libinit2.o)
    0x080002be   0x080002be   0x00000000   Code   RO          374    .ARM.Collect$$libinit$$00000004  c_w.l(libinit2.o)
    0x080002be   0x080002be   0x00000000   Code   RO          376    .ARM.Collect$$libinit$$00000006  c_w.l(libinit2.o)
    0x080002be   0x080002be   0x00000000   Code   RO          379    .ARM.Collect$$libinit$$0000000C  c_w.l(libinit2.o)
    0x080002be   0x080002be   0x00000000   Code   RO          381    .ARM.Collect$$libinit$$0000000E  c_w.l(libinit2.o)
    0x080002be   0x080002be   0x00000000   Code   RO          383    .ARM.Collect$$libinit$$00000010  c_w.l(libinit2.o)
    0x080002be   0x080002be   0x00000006   Code   RO          384    .ARM.Collect$$libinit$$00000011  c_w.l(libinit2.o)
    0x080002c4   0x080002c4   0x00000000   Code   RO          386    .ARM.Collect$$libinit$$00000013  c_w.l(libinit2.o)
    0x080002c4   0x080002c4   0x0000000c   Code   RO          387    .ARM.Collect$$libinit$$00000014  c_w.l(libinit2.o)
    0x080002d0   0x080002d0   0x00000000   Code   RO          388    .ARM.Collect$$libinit$$00000015  c_w.l(libinit2.o)
    0x080002d0   0x080002d0   0x00000000   Code   RO          390    .ARM.Collect$$libinit$$00000017  c_w.l(libinit2.o)
    0x080002d0   0x080002d0   0x0000000a   Code   RO          391    .ARM.Collect$$libinit$$00000018  c_w.l(libinit2.o)
    0x080002da   0x080002da   0x00000000   Code   RO          392    .ARM.Collect$$libinit$$00000019  c_w.l(libinit2.o)
    0x080002da   0x080002da   0x00000000   Code   RO          394    .ARM.Collect$$libinit$$0000001B  c_w.l(libinit2.o)
    0x080002da   0x080002da   0x00000000   Code   RO          396    .ARM.Collect$$libinit$$0000001D  c_w.l(libinit2.o)
    0x080002da   0x080002da   0x00000000   Code   RO          398    .ARM.Collect$$libinit$$0000001F  c_w.l(libinit2.o)
    0x080002da   0x080002da   0x00000000   Code   RO          400    .ARM.Collect$$libinit$$00000021  c_w.l(libinit2.o)
    0x080002da   0x080002da   0x00000000   Code   RO          402    .ARM.Collect$$libinit$$00000023  c_w.l(libinit2.o)
    0x080002da   0x080002da   0x00000000   Code   RO          404    .ARM.Collect$$libinit$$00000025  c_w.l(libinit2.o)
    0x080002da   0x080002da   0x00000000   Code   RO          406    .ARM.Collect$$libinit$$00000027  c_w.l(libinit2.o)
    0x080002da   0x080002da   0x00000000   Code   RO          410    .ARM.Collect$$libinit$$0000002E  c_w.l(libinit2.o)
    0x080002da   0x080002da   0x00000000   Code   RO          412    .ARM.Collect$$libinit$$00000030  c_w.l(libinit2.o)
    0x080002da   0x080002da   0x00000000   Code   RO          414    .ARM.Collect$$libinit$$00000032  c_w.l(libinit2.o)
    0x080002da   0x080002da   0x00000000   Code   RO          416    .ARM.Collect$$libinit$$00000034  c_w.l(libinit2.o)
    0x080002da   0x080002da   0x00000002   Code   RO          417    .ARM.Collect$$libinit$$00000035  c_w.l(libinit2.o)
    0x080002dc   0x080002dc   0x00000002   Code   RO          441    .ARM.Collect$$libshutdown$$00000000  c_w.l(libshutdown.o)
    0x080002de   0x080002de   0x00000000   Code   RO          456    .ARM.Collect$$libshutdown$$00000002  c_w.l(libshutdown2.o)
    0x080002de   0x080002de   0x00000000   Code   RO          458    .ARM.Collect$$libshutdown$$00000004  c_w.l(libshutdown2.o)
    0x080002de   0x080002de   0x00000000   Code   RO          461    .ARM.Collect$$libshutdown$$00000007  c_w.l(libshutdown2.o)
    0x080002de   0x080002de   0x00000000   Code   RO          464    .ARM.Collect$$libshutdown$$0000000A  c_w.l(libshutdown2.o)
    0x080002de   0x080002de   0x00000000   Code   RO          466    .ARM.Collect$$libshutdown$$0000000C  c_w.l(libshutdown2.o)
    0x080002de   0x080002de   0x00000000   Code   RO          469    .ARM.Collect$$libshutdown$$0000000F  c_w.l(libshutdown2.o)
    0x080002de   0x080002de   0x00000002   Code   RO          470    .ARM.Collect$$libshutdown$$00000010  c_w.l(libshutdown2.o)
    0x080002e0   0x080002e0   0x00000000   Code   RO          154    .ARM.Collect$$rtentry$$00000000  c_w.l(__rtentry.o)
    0x080002e0   0x080002e0   0x00000000   Code   RO          270    .ARM.Collect$$rtentry$$00000002  c_w.l(__rtentry2.o)
    0x080002e0   0x080002e0   0x00000006   Code   RO          282    .ARM.Collect$$rtentry$$00000004  c_w.l(__rtentry4.o)
    0x080002e6   0x080002e6   0x00000000   Code   RO          272    .ARM.Collect$$rtentry$$00000009  c_w.l(__rtentry2.o)
    0x080002e6   0x080002e6   0x00000004   Code   RO          273    .ARM.Collect$$rtentry$$0000000A  c_w.l(__rtentry2.o)
    0x080002ea   0x080002ea   0x00000000   Code   RO          275    .ARM.Collect$$rtentry$$0000000C  c_w.l(__rtentry2.o)
    0x080002ea   0x080002ea   0x00000008   Code   RO          276    .ARM.Collect$$rtentry$$0000000D  c_w.l(__rtentry2.o)
    0x080002f2   0x080002f2   0x00000002   Code   RO          362    .ARM.Collect$$rtexit$$00000000  c_w.l(rtexit.o)
    0x080002f4   0x080002f4   0x00000000   Code   RO          419    .ARM.Collect$$rtexit$$00000002  c_w.l(rtexit2.o)
    0x080002f4   0x080002f4   0x00000004   Code   RO          420    .ARM.Collect$$rtexit$$00000003  c_w.l(rtexit2.o)
    0x080002f8   0x080002f8   0x00000006   Code   RO          421    .ARM.Collect$$rtexit$$00000004  c_w.l(rtexit2.o)
    0x080002fe   0x080002fe   0x00000002   PAD
    0x08000300   0x08000300   0x00000040   Code   RO          106  * .text               startup_stm32f303x8.o
    0x08000340   0x08000340   0x0000002c   Code   RO          128    .text               c_w.l(sprintf.o)
    0x0800036c   0x0800036c   0x0000003e   Code   RO          130    .text               c_w.l(strlen.o)
    0x080003aa   0x080003aa   0x00000006   Code   RO          132    .text               c_w.l(heapauxi.o)
    0x080003b0   0x080003b0   0x0000004e   Code   RO          157    .text               c_w.l(_printf_pad.o)
    0x080003fe   0x080003fe   0x00000024   Code   RO          159    .text               c_w.l(_printf_truncate.o)
    0x08000422   0x08000422   0x00000052   Code   RO          161    .text               c_w.l(_printf_str.o)
    0x08000474   0x08000474   0x00000078   Code   RO          163    .text               c_w.l(_printf_dec.o)
    0x080004ec   0x080004ec   0x00000028   Code   RO          165    .text               c_w.l(_printf_charcount.o)
    0x08000514   0x08000514   0x00000030   Code   RO          167    .text               c_w.l(_printf_char_common.o)
    0x08000544   0x08000544   0x0000000a   Code   RO          169    .text               c_w.l(_sputc.o)
    0x0800054e   0x0800054e   0x00000002   PAD
    0x08000550   0x08000550   0x000000bc   Code   RO          171    .text               c_w.l(_printf_wctomb.o)
    0x0800060c   0x0800060c   0x0000007c   Code   RO          174    .text               c_w.l(_printf_longlong_dec.o)
    0x08000688   0x08000688   0x00000070   Code   RO          180    .text               c_w.l(_printf_oct_int_ll.o)
    0x080006f8   0x080006f8   0x00000094   Code   RO          200    .text               c_w.l(_printf_hex_int_ll_ptr.o)
    0x0800078c   0x0800078c   0x00000188   Code   RO          220    .text               c_w.l(__printf_flags_ss_wp.o)
    0x08000914   0x08000914   0x0000008a   Code   RO          284    .text               c_w.l(lludiv10.o)
    0x0800099e   0x0800099e   0x000000b2   Code   RO          286    .text               c_w.l(_printf_intcommon.o)
    0x08000a50   0x08000a50   0x0000041c   Code   RO          288    .text               c_w.l(_printf_fp_dec.o)
    0x08000e6c   0x08000e6c   0x000002fc   Code   RO          292    .text               c_w.l(_printf_fp_hex.o)
    0x08001168   0x08001168   0x0000002c   Code   RO          297    .text               c_w.l(_printf_char.o)
    0x08001194   0x08001194   0x0000002c   Code   RO          299    .text               c_w.l(_printf_wchar.o)
    0x080011c0   0x080011c0   0x00000048   Code   RO          302    .text               c_w.l(_c16rtomb.o)
    0x08001208   0x08001208   0x0000004a   Code   RO          306    .text               c_w.l(sys_stackheap_outer.o)
    0x08001252   0x08001252   0x00000002   PAD
    0x08001254   0x08001254   0x00000010   Code   RO          308    .text               c_w.l(rt_ctype_table.o)
    0x08001264   0x08001264   0x00000008   Code   RO          313    .text               c_w.l(rt_locale_intlibspace.o)
    0x0800126c   0x0800126c   0x00000080   Code   RO          315    .text               c_w.l(_printf_fp_infnan.o)
    0x080012ec   0x080012ec   0x000000e4   Code   RO          317    .text               c_w.l(bigflt0.o)
    0x080013d0   0x080013d0   0x00000012   Code   RO          347    .text               c_w.l(exit.o)
    0x080013e2   0x080013e2   0x00000002   PAD
    0x080013e4   0x080013e4   0x00000008   Code   RO          359    .text               c_w.l(libspace.o)
    0x080013ec   0x080013ec   0x00000004   PAD
    0x080013f0   0x080013f0   0x0000007c   Code   RO          369    .text               c_w.l(strcmpv7em.o)
    0x0800146c   0x0800146c   0x0000000c   Code   RO          431    .text               c_w.l(sys_exit.o)
    0x08001478   0x08001478   0x00000002   Code   RO          446    .text               c_w.l(use_no_semi.o)
    0x0800147a   0x0800147a   0x00000000   Code   RO          448    .text               c_w.l(indicate_semi.o)
    0x0800147a   0x0800147a   0x00000002   PAD
    0x0800147c   0x0800147c   0x00000064   Code   RO            2    .text.ADC_Init      adc.o
    0x080014e0   0x080014e0   0x0000009a   Code   RO           52    .text.PLL_Config    pll config stmf3.o
    0x0800157a   0x0800157a   0x00000002   PAD
    0x0800157c   0x0800157c   0x00000052   Code   RO           76    .text.SysTick_Config  systick_delay.o
    0x080015ce   0x080015ce   0x00000002   PAD
    0x080015d0   0x080015d0   0x00000010   Code   RO           82    .text.SysTick_Handler  systick_delay.o
    0x080015e0   0x080015e0   0x00000032   Code   RO           74    .text.SysTick_Init  systick_delay.o
    0x08001612   0x08001612   0x00000002   PAD
    0x08001614   0x08001614   0x00000110   Code   RO          115    .text.SystemCoreClockUpdate  system_stm32f3xx.o
    0x08001724   0x08001724   0x00000096   Code   RO          113    .text.SystemInit    system_stm32f3xx.o
    0x080017ba   0x080017ba   0x00000002   PAD
    0x080017bc   0x080017bc   0x00000042   Code   RO           78    .text.__NVIC_SetPriority  systick_delay.o
    0x080017fe   0x080017fe   0x00000002   PAD
    0x08001800   0x08001800   0x00000040   Code   RO           80    .text.delay_nms     systick_delay.o
    0x08001840   0x08001840   0x0000006c   Code   RO           23    .text.fxADCAmp      main.o
    0x080018ac   0x080018ac   0x00000004   PAD
    0x080018b0   0x080018b0   0x0000006c   Code   RO           21    .text.fxADCVolt     main.o
    0x0800191c   0x0800191c   0x0000001a   Code   RO           25    .text.fxPower       main.o
    0x08001936   0x08001936   0x00000002   PAD
    0x08001938   0x08001938   0x0000002a   Code   RO           13    .text.init_led      leds.o
    0x08001962   0x08001962   0x00000002   PAD
    0x08001964   0x08001964   0x000000dc   Code   RO           92    .text.init_pwm      pwm.o
    0x08001a40   0x08001a40   0x0000008a   Code   RO           60    .text.init_usart    usart.o
    0x08001aca   0x08001aca   0x00000006   PAD
    0x08001ad0   0x08001ad0   0x00000638   Code   RO           27    .text.main          main.o
    0x08002108   0x08002108   0x00000078   Code   RO           94    .text.output_pwm    pwm.o
    0x08002180   0x08002180   0x00000042   Code   RO           62    .text.print_terminal  usart.o
    0x080021c2   0x080021c2   0x00000002   PAD
    0x080021c4   0x080021c4   0x00000044   Code   RO            4    .text.read_adc      adc.o
    0x08002208   0x08002208   0x0000002e   Code   RO           64    .text.send_usart    usart.o
    0x08002236   0x08002236   0x0000003e   Code   RO          320    CL$$btod_d2e        c_w.l(btod.o)
    0x08002274   0x08002274   0x00000046   Code   RO          322    CL$$btod_d2e_denorm_low  c_w.l(btod.o)
    0x080022ba   0x080022ba   0x00000060   Code   RO          321    CL$$btod_d2e_norm_op1  c_w.l(btod.o)
    0x0800231a   0x0800231a   0x00000002   PAD
    0x0800231c   0x0800231c   0x00000338   Code   RO          330    CL$$btod_div_common  c_w.l(btod.o)
    0x08002654   0x08002654   0x000000dc   Code   RO          327    CL$$btod_e2e        c_w.l(btod.o)
    0x08002730   0x08002730   0x0000002a   Code   RO          324    CL$$btod_ediv       c_w.l(btod.o)
    0x0800275a   0x0800275a   0x0000002a   Code   RO          323    CL$$btod_emul       c_w.l(btod.o)
    0x08002784   0x08002784   0x00000244   Code   RO          329    CL$$btod_mult_common  c_w.l(btod.o)
    0x080029c8   0x080029c8   0x00000030   Code   RO          357    i.__ARM_fpclassify  m_wm.l(fpclassify.o)
    0x080029f8   0x080029f8   0x0000000e   Code   RO          213    i._is_digit         c_w.l(__printf_wp.o)
    0x08002a06   0x08002a06   0x00000002   PAD
    0x08002a08   0x08002a08   0x0000002c   Code   RO          345    locale$$code        c_w.l(lc_numeric_c.o)
    0x08002a34   0x08002a34   0x0000002c   Code   RO          367    locale$$code        c_w.l(lc_ctype_c.o)
    0x08002a60   0x08002a60   0x00000062   Code   RO          136    x$fpl$d2f           fz_wm.l(d2f.o)
    0x08002ac2   0x08002ac2   0x00000002   PAD
    0x08002ac4   0x08002ac4   0x00000150   Code   RO          138    x$fpl$dadd          fz_wm.l(daddsub_clz.o)
    0x08002c14   0x08002c14   0x00000018   Code   RO          304    x$fpl$dcmpinf       fz_wm.l(dcmpi.o)
    0x08002c2c   0x08002c2c   0x000002b8   Code   RO          147    x$fpl$ddiv          fz_wm.l(ddiv.o)
    0x08002ee4   0x08002ee4   0x00000078   Code   RO          246    x$fpl$deqf          fz_wm.l(deqf.o)
    0x08002f5c   0x08002f5c   0x00000078   Code   RO          248    x$fpl$dgeqf         fz_wm.l(dgeqf.o)
    0x08002fd4   0x08002fd4   0x00000078   Code   RO          250    x$fpl$dleqf         fz_wm.l(dleqf.o)
    0x0800304c   0x0800304c   0x00000154   Code   RO          150    x$fpl$dmul          fz_wm.l(dmul.o)
    0x080031a0   0x080031a0   0x0000009c   Code   RO          252    x$fpl$dnaninf       fz_wm.l(dnaninf.o)
    0x0800323c   0x0800323c   0x0000000c   Code   RO          254    x$fpl$dretinf       fz_wm.l(dretinf.o)
    0x08003248   0x08003248   0x000001dc   Code   RO          140    x$fpl$dsub          fz_wm.l(daddsub_clz.o)
    0x08003424   0x08003424   0x00000056   Code   RO          152    x$fpl$f2d           fz_wm.l(f2d.o)
    0x0800347a   0x0800347a   0x00000054   Code   RO          144    x$fpl$fcmp          fz_wm.l(dcmp.o)
    0x080034ce   0x080034ce   0x0000008c   Code   RO          256    x$fpl$fnaninf       fz_wm.l(fnaninf.o)
    0x0800355a   0x0800355a   0x0000001a   Code   RO          429    x$fpl$fpinit        fz_wm.l(fpinit.o)
    0x08003574   0x08003574   0x0000000a   Code   RO          258    x$fpl$fretinf       fz_wm.l(fretinf.o)
    0x0800357e   0x0800357e   0x00000004   Code   RO          260    x$fpl$printf1       fz_wm.l(printf1.o)
    0x08003582   0x08003582   0x00000004   Code   RO          262    x$fpl$printf2       fz_wm.l(printf2.o)
    0x08003586   0x08003586   0x00000000   Code   RO          268    x$fpl$usenofp       fz_wm.l(usenofp.o)
    0x08003586   0x08003586   0x00000002   PAD
    0x08003588   0x08003588   0x00000008   Data   RO          172    .constdata          c_w.l(_printf_wctomb.o)
    0x08003590   0x08003590   0x00000028   Data   RO          201    .constdata          c_w.l(_printf_hex_int_ll_ptr.o)
    0x080035b8   0x080035b8   0x00000011   Data   RO          221    .constdata          c_w.l(__printf_flags_ss_wp.o)
    0x080035c9   0x080035c9   0x00000026   Data   RO          293    .constdata          c_w.l(_printf_fp_hex.o)
    0x080035ef   0x080035ef   0x00000001   PAD
    0x080035f0   0x080035f0   0x00000094   Data   RO          318    .constdata          c_w.l(bigflt0.o)
    0x08003684   0x08003684   0x00000010   Data   RO          118    .rodata.AHBPrescTable  system_stm32f3xx.o
    0x08003694   0x08003694   0x00000036   Data   RO           42    .rodata.str1.1      main.o
    0x080036ca   0x080036ca   0x00000010   Data   RO           66    .rodata.str1.1      usart.o
    0x080036da   0x080036da   0x00000002   PAD
    0x080036dc   0x080036dc   0x00000020   Data   RO          504    Region$$Table       anon$$obj.o
    0x080036fc   0x080036fc   0x0000001c   Data   RO          344    locale$$data        c_w.l(lc_numeric_c.o)
    0x08003718   0x08003718   0x00000110   Data   RO          366    locale$$data        c_w.l(lc_ctype_c.o)


    Execution Region ER_RW (Exec base: 0x20000000, Load base: 0x08003828, Size: 0x0000000c, Max: 0xffffffff, ABSOLUTE)

    Exec Addr    Load Addr    Size         Type   Attr      Idx    E Section Name        Object

    0x20000000   0x08003828   0x00000004   Data   RW          117    .data.SystemCoreClock  system_stm32f3xx.o
    0x20000004   0x0800382c   0x00000004   Data   RW           38    .data.flStep        main.o
    0x20000008   0x08003830   0x00000004   Data   RW           35    .data.flVref        main.o


    Execution Region ER_ZI (Exec base: 0x20000010, Load base: 0x08003834, Size: 0x00000a80, Max: 0xffffffff, ABSOLUTE)

    Exec Addr    Load Addr    Size         Type   Attr      Idx    E Section Name        Object

    0x20000010        -       0x00000060   Zero   RW          360    .bss                c_w.l(libspace.o)
    0x20000070        -       0x00000002   Zero   RW           96    .bss.PWM_MAX        pwm.o
    0x20000072        -       0x00000001   Zero   RW           41    .bss.eSwitch        main.o
    0x20000073   0x08003834   0x00000001   PAD
    0x20000074        -       0x00000004   Zero   RW           30    .bss.flCurr         main.o
    0x20000078        -       0x00000004   Zero   RW           34    .bss.flCurrPrev     main.o
    0x2000007c        -       0x00000004   Zero   RW           31    .bss.flPower        main.o
    0x20000080        -       0x00000004   Zero   RW           32    .bss.flPowerPrev    main.o
    0x20000084        -       0x00000004   Zero   RW           29    .bss.flVolt         main.o
    0x20000088        -       0x00000004   Zero   RW           33    .bss.flVoltPrev     main.o
    0x2000008c        -       0x00000004   Zero   RW           84    .bss.ms_counter     systick_delay.o
    0x20000090        -       0x00000400   Zero   RW           40    .bss.stPowerBuffer  main.o
    0x20000490        -       0x00000200   Zero   RW          104    HEAP                startup_stm32f303x8.o
    0x20000690        -       0x00000400   Zero   RW          103    STACK               startup_stm32f303x8.o


==============================================================================

Image component sizes


      Code (inc. data)   RO Data    RW Data    ZI Data      Debug   Object Name

       168          0          0          0          0       2320   adc.o
        42          0          0          0          0       1306   leds.o
      1834         94         54          8       1049       3150   main.o
       154          0          0          0          0       1298   pll config stmf3.o
       340          4          0          0          2       2167   pwm.o
        64         26        392          0       1536        976   startup_stm32f303x8.o
       422          0         16          4          0       2461   system_stm32f3xx.o
       278          0          0          0          4       3899   systick_delay.o
       250          0         16          0          0       2112   usart.o

    ----------------------------------------------------------------------
      3578        128        512         12       2592      19689   Object Totals
         0          0         32          0          0          0   (incl. Generated)
        26          4          2          0          1          0   (incl. Padding)

    ----------------------------------------------------------------------

      Code (inc. data)   RO Data    RW Data    ZI Data      Debug   Library Member Name

         8          0          0          0          0         68   __main.o
       392          4         17          0          0         92   __printf_flags_ss_wp.o
        14          0          0          0          0         68   __printf_wp.o
         0          0          0          0          0          0   __rtentry.o
        12          0          0          0          0          0   __rtentry2.o
         6          0          0          0          0          0   __rtentry4.o
        94          8          0          0          0          0   __scatter.o
        26          0          0          0          0          0   __scatter_copy.o
        28          0          0          0          0          0   __scatter_zi.o
        72          0          0          0          0         96   _c16rtomb.o
         6          0          0          0          0          0   _printf_a.o
         6          0          0          0          0          0   _printf_c.o
        44          0          0          0          0        108   _printf_char.o
        48          6          0          0          0         96   _printf_char_common.o
        40          0          0          0          0         68   _printf_charcount.o
         6          0          0          0          0          0   _printf_d.o
       120         16          0          0          0         92   _printf_dec.o
         6          0          0          0          0          0   _printf_e.o
         6          0          0          0          0          0   _printf_f.o
      1052          0          0          0          0        148   _printf_fp_dec.o
       764          8         38          0          0        100   _printf_fp_hex.o
       128         16          0          0          0         84   _printf_fp_infnan.o
         6          0          0          0          0          0   _printf_g.o
       148          4         40          0          0        160   _printf_hex_int_ll_ptr.o
         6          0          0          0          0          0   _printf_i.o
       178          0          0          0          0         88   _printf_intcommon.o
        10          0          0          0          0          0   _printf_l.o
         6          0          0          0          0          0   _printf_lc.o
        10          0          0          0          0          0   _printf_ll.o
         6          0          0          0          0          0   _printf_lld.o
         6          0          0          0          0          0   _printf_lli.o
         6          0          0          0          0          0   _printf_llo.o
         6          0          0          0          0          0   _printf_llu.o
         6          0          0          0          0          0   _printf_llx.o
       124         16          0          0          0         92   _printf_longlong_dec.o
         6          0          0          0          0          0   _printf_ls.o
         6          0          0          0          0          0   _printf_n.o
         6          0          0          0          0          0   _printf_o.o
       112          8          0          0          0        124   _printf_oct_int_ll.o
         6          0          0          0          0          0   _printf_p.o
        78          0          0          0          0        108   _printf_pad.o
         0          0          0          0          0          0   _printf_percent.o
         4          0          0          0          0          0   _printf_percent_end.o
         6          0          0          0          0          0   _printf_s.o
        82          0          0          0          0         80   _printf_str.o
        36          0          0          0          0         84   _printf_truncate.o
         6          0          0          0          0          0   _printf_u.o
        44          0          0          0          0        108   _printf_wchar.o
       188          6          8          0          0         92   _printf_wctomb.o
         6          0          0          0          0          0   _printf_x.o
        10          0          0          0          0         68   _sputc.o
       228          4        148          0          0         96   bigflt0.o
      1936        128          0          0          0        668   btod.o
        18          0          0          0          0         80   exit.o
         6          0          0          0          0        152   heapauxi.o
         0          0          0          0          0          0   indicate_semi.o
        44         10        272          0          0         76   lc_ctype_c.o
        44         10         28          0          0         76   lc_numeric_c.o
         2          0          0          0          0          0   libinit.o
        34          0          0          0          0          0   libinit2.o
         2          0          0          0          0          0   libshutdown.o
         2          0          0          0          0          0   libshutdown2.o
         8          4          0          0         96         68   libspace.o
       138          0          0          0          0         80   lludiv10.o
        16          4          0          0          0         76   rt_ctype_table.o
         8          4          0          0          0         68   rt_locale_intlibspace.o
         2          0          0          0          0          0   rtexit.o
        10          0          0          0          0          0   rtexit2.o
        44          6          0          0          0         84   sprintf.o
       124          0          0          0          0         88   strcmpv7em.o
        62          0          0          0          0         76   strlen.o
        12          4          0          0          0         68   sys_exit.o
        74          0          0          0          0         80   sys_stackheap_outer.o
         2          0          0          0          0         68   use_no_semi.o
        98          4          0          0          0        140   d2f.o
       812         16          0          0          0        392   daddsub_clz.o
        84          0          0          0          0        244   dcmp.o
        24          0          0          0          0        116   dcmpi.o
       696        140          0          0          0        264   ddiv.o
       120          4          0          0          0        140   deqf.o
       120          4          0          0          0        140   dgeqf.o
       120          4          0          0          0        140   dleqf.o
       340         12          0          0          0        152   dmul.o
       156          4          0          0          0        140   dnaninf.o
        12          0          0          0          0        116   dretinf.o
        86          4          0          0          0        132   f2d.o
       140          4          0          0          0        132   fnaninf.o
        26          0          0          0          0        116   fpinit.o
        10          0          0          0          0        116   fretinf.o
         4          0          0          0          0        116   printf1.o
         4          0          0          0          0        116   printf2.o
         0          0          0          0          0          0   usenofp.o
        48          0          0          0          0        124   fpclassify.o

    ----------------------------------------------------------------------
      9734        466        552          0         96       6764   Library Totals
        26          4          1          0          0          0   (incl. Padding)

    ----------------------------------------------------------------------

      Code (inc. data)   RO Data    RW Data    ZI Data      Debug   Library Name

      6808        266        551          0         96       3928   c_w.l
      2852        196          0          0          0       2712   fz_wm.l
        48          0          0          0          0        124   m_wm.l

    ----------------------------------------------------------------------
      9734        466        552          0         96       6764   Library Totals

    ----------------------------------------------------------------------

==============================================================================


      Code (inc. data)   RO Data    RW Data    ZI Data      Debug   

     13312        594       1064         12       2688      22601   Grand Totals
     13312        594       1064         12       2688      22601   ELF Image Totals
     13312        594       1064         12          0          0   ROM Totals

==============================================================================

    Total RO  Size (Code + RO Data)                14376 (  14.04kB)
    Total RW  Size (RW Data + ZI Data)              2700 (   2.64kB)
    Total ROM Size (Code + RO Data + RW Data)      14388 (  14.05kB)

==============================================================================

